<html>
<body>
<pre>
<h1>µVision Build Log</h1>
<h2>Tool Versions:</h2>
IDE-Version: ¦ÌVision V5.36.0.0
Copyright (C) 2021 ARM Ltd and ARM Germany GmbH. All rights reserved.
License Information: A Dong, A, LIC=9WSKC-7PDBT-UHQ8H-WFQL5-3BTK2-PBELK
 
Tool Versions:
Toolchain:       MDK-ARM Plus  Version: 5.36.0.0
Toolchain Path:  D:\Program Files\Keil_v5\ARM\ARMCC\Bin
C Compiler:      Armcc.exe V5.06 update 7 (build 960)
Assembler:       Armasm.exe V5.06 update 7 (build 960)
Linker/Locator:  ArmLink.exe V5.06 update 7 (build 960)
Library Manager: ArmAr.exe V5.06 update 7 (build 960)
Hex Converter:   FromElf.exe V5.06 update 7 (build 960)
CPU DLL:         SARMCM3.DLL V5.36.0.0
Dialog DLL:      DCM.DLL V1.17.3.0
Target DLL:      CMSIS_AGDI.dll V1.33.0.0
Dialog DLL:      TCM.DLL V1.53.0.0
 
<h2>Project:</h2>
D:\Users\Dong\Desktop\Robot_Code\ENGINE\MDK-ARM\ENGINE.uvprojx
Project File Date:  05/08/2024

<h2>Output:</h2>
*** Using Compiler 'V5.06 update 7 (build 960)', folder: 'D:\Program Files\Keil_v5\ARM\ARMCC\Bin'
Build target 'ENGINE'
compiling tramcar_task.c...
..\App\Task\tramcar_task.c(103): warning:  #1-D: last line of file ends without a newline
  }
..\App\Task\tramcar_task.c: 1 warning, 0 errors
compiling chassis_task.c...
compiling arm_task.c...
..\App\Task\arm_task.c(234): warning:  #1035-D: single-precision operand implicitly converted to double-precision
  	dm_LimitMax(str->Motor_Data.PID_Angle_target,0.55,-0.85);
..\App\Task\arm_task.c(259): warning:  #1035-D: single-precision operand implicitly converted to double-precision
  	dm_LimitMax(str->Motor_Data.PID_Angle_target,2.3,-1.2);
..\App\Task\arm_task.c: 2 warnings, 0 errors
linking...
Program Size: Code=24520 RO-data=2244 RW-data=3788 ZI-data=20148  
FromELF: creating hex file...
"ENGINE\ENGINE.axf" - 0 Error(s), 3 Warning(s).

<h2>Software Packages used:</h2>

Package Vendor: ARM
                http://www.keil.com/pack/ARM.CMSIS.5.8.0.pack
                ARM.CMSIS.5.8.0
                CMSIS (Common Microcontroller Software Interface Standard)
   * Component: CORE Version: 5.5.0

Package Vendor: Keil
                http://www.keil.com/pack/Keil.STM32F4xx_DFP.2.16.0.pack
                Keil.STM32F4xx_DFP.2.16.0
                STMicroelectronics STM32F4 Series Device Support, Drivers and Examples

<h2>Collection of Component include folders:</h2>
  .\RTE\_ENGINE
  C:\Users\Dong\AppData\Local\Arm\Packs\ARM\CMSIS\5.8.0\CMSIS\Core\Include
  C:\Users\Dong\AppData\Local\Arm\Packs\Keil\STM32F4xx_DFP\2.16.0\Drivers\CMSIS\Device\ST\STM32F4xx\Include

<h2>Collection of Component Files used:</h2>

   * Component: ARM::CMSIS:CORE:5.5.0
      Include file:  CMSIS\Core\Include\tz_context.h
Build Time Elapsed:  00:00:04
</pre>
</body>
</html>
