Component: ARM Compiler 5.06 update 7 (build 960) Tool: armlink [4d3601]

==============================================================================

Section Cross References

    startup_stm32f405xx.o(STACK) refers (Special) to heapauxi.o(.text) for __use_two_region_memory
    startup_stm32f405xx.o(HEAP) refers (Special) to heapauxi.o(.text) for __use_two_region_memory
    startup_stm32f405xx.o(RESET) refers (Special) to heapauxi.o(.text) for __use_two_region_memory
    startup_stm32f405xx.o(RESET) refers to startup_stm32f405xx.o(STACK) for __initial_sp
    startup_stm32f405xx.o(RESET) refers to startup_stm32f405xx.o(.text) for Reset_Handler
    startup_stm32f405xx.o(RESET) refers to stm32f4xx_it.o(i.NMI_Handler) for NMI_Handler
    startup_stm32f405xx.o(RESET) refers to stm32f4xx_it.o(i.HardFault_Handler) for HardFault_Handler
    startup_stm32f405xx.o(RESET) refers to stm32f4xx_it.o(i.MemManage_Handler) for MemManage_Handler
    startup_stm32f405xx.o(RESET) refers to stm32f4xx_it.o(i.BusFault_Handler) for BusFault_Handler
    startup_stm32f405xx.o(RESET) refers to stm32f4xx_it.o(i.UsageFault_Handler) for UsageFault_Handler
    startup_stm32f405xx.o(RESET) refers to port.o(.emb_text) for SVC_Handler
    startup_stm32f405xx.o(RESET) refers to stm32f4xx_it.o(i.DebugMon_Handler) for DebugMon_Handler
    startup_stm32f405xx.o(RESET) refers to port.o(i.SysTick_Handler) for SysTick_Handler
    startup_stm32f405xx.o(RESET) refers to stm32f4xx_it.o(i.DMA1_Stream1_IRQHandler) for DMA1_Stream1_IRQHandler
    startup_stm32f405xx.o(RESET) refers to stm32f4xx_it.o(i.DMA1_Stream2_IRQHandler) for DMA1_Stream2_IRQHandler
    startup_stm32f405xx.o(RESET) refers to stm32f4xx_it.o(i.DMA1_Stream4_IRQHandler) for DMA1_Stream4_IRQHandler
    startup_stm32f405xx.o(RESET) refers to stm32f4xx_it.o(i.DMA1_Stream5_IRQHandler) for DMA1_Stream5_IRQHandler
    startup_stm32f405xx.o(RESET) refers to stm32f4xx_it.o(i.CAN1_RX0_IRQHandler) for CAN1_RX0_IRQHandler
    startup_stm32f405xx.o(RESET) refers to stm32f4xx_it.o(i.USART1_IRQHandler) for USART1_IRQHandler
    startup_stm32f405xx.o(RESET) refers to stm32f4xx_it.o(i.USART2_IRQHandler) for USART2_IRQHandler
    startup_stm32f405xx.o(RESET) refers to stm32f4xx_it.o(i.USART3_IRQHandler) for USART3_IRQHandler
    startup_stm32f405xx.o(RESET) refers to stm32f4xx_it.o(i.TIM8_TRG_COM_TIM14_IRQHandler) for TIM8_TRG_COM_TIM14_IRQHandler
    startup_stm32f405xx.o(RESET) refers to stm32f4xx_it.o(i.UART4_IRQHandler) for UART4_IRQHandler
    startup_stm32f405xx.o(RESET) refers to stm32f4xx_it.o(i.DMA2_Stream2_IRQHandler) for DMA2_Stream2_IRQHandler
    startup_stm32f405xx.o(RESET) refers to stm32f4xx_it.o(i.CAN2_RX0_IRQHandler) for CAN2_RX0_IRQHandler
    startup_stm32f405xx.o(RESET) refers to stm32f4xx_it.o(i.DMA2_Stream7_IRQHandler) for DMA2_Stream7_IRQHandler
    startup_stm32f405xx.o(RESET) refers to stm32f4xx_it.o(i.USART6_IRQHandler) for USART6_IRQHandler
    startup_stm32f405xx.o(.text) refers (Special) to heapauxi.o(.text) for __use_two_region_memory
    startup_stm32f405xx.o(.text) refers to system_stm32f4xx.o(i.SystemInit) for SystemInit
    startup_stm32f405xx.o(.text) refers to __main.o(!!!main) for __main
    startup_stm32f405xx.o(.text) refers to startup_stm32f405xx.o(HEAP) for Heap_Mem
    startup_stm32f405xx.o(.text) refers to startup_stm32f405xx.o(STACK) for Stack_Mem
    main.o(i.HAL_TIM_PeriodElapsedCallback) refers to stm32f4xx_hal.o(i.HAL_IncTick) for HAL_IncTick
    main.o(i.SystemClock_Config) refers to rt_memclr_w.o(.text) for __aeabi_memclr4
    main.o(i.SystemClock_Config) refers to stm32f4xx_hal_rcc.o(i.HAL_RCC_OscConfig) for HAL_RCC_OscConfig
    main.o(i.SystemClock_Config) refers to main.o(i.Error_Handler) for Error_Handler
    main.o(i.SystemClock_Config) refers to stm32f4xx_hal_rcc.o(i.HAL_RCC_ClockConfig) for HAL_RCC_ClockConfig
    main.o(i.main) refers to stm32f4xx_hal.o(i.HAL_Init) for HAL_Init
    main.o(i.main) refers to main.o(i.SystemClock_Config) for SystemClock_Config
    main.o(i.main) refers to gpio.o(i.MX_GPIO_Init) for MX_GPIO_Init
    main.o(i.main) refers to dma.o(i.MX_DMA_Init) for MX_DMA_Init
    main.o(i.main) refers to can.o(i.MX_CAN1_Init) for MX_CAN1_Init
    main.o(i.main) refers to can.o(i.MX_CAN2_Init) for MX_CAN2_Init
    main.o(i.main) refers to usart.o(i.MX_UART4_Init) for MX_UART4_Init
    main.o(i.main) refers to usart.o(i.MX_USART1_UART_Init) for MX_USART1_UART_Init
    main.o(i.main) refers to usart.o(i.MX_USART2_UART_Init) for MX_USART2_UART_Init
    main.o(i.main) refers to usart.o(i.MX_USART6_UART_Init) for MX_USART6_UART_Init
    main.o(i.main) refers to usart.o(i.MX_USART3_UART_Init) for MX_USART3_UART_Init
    main.o(i.main) refers to driver.o(i.Driver_Init) for Driver_Init
    main.o(i.main) refers to arm_task.o(i.dm4310_Init) for dm4310_Init
    main.o(i.main) refers to freertos.o(i.MX_FREERTOS_Init) for MX_FREERTOS_Init
    main.o(i.main) refers to cmsis_os.o(i.osKernelStart) for osKernelStart
[...]
    xNextTaskUnblockTime                     0x20000e94   Data           4  tasks.o(.data)
    xIdleTaskHandle                          0x20000e98   Data           4  tasks.o(.data)
    uxSchedulerSuspended                     0x20000e9c   Data           4  tasks.o(.data)
    .data                                    0x20000ea0   Section       32  heap_4.o(.data)
    xStart                                   0x20000ea0   Data           8  heap_4.o(.data)
    pxEnd                                    0x20000ea8   Data           4  heap_4.o(.data)
    xFreeBytesRemaining                      0x20000eac   Data           4  heap_4.o(.data)
    xMinimumEverFreeBytesRemaining           0x20000eb0   Data           4  heap_4.o(.data)
    xNumberOfSuccessfulAllocations           0x20000eb4   Data           4  heap_4.o(.data)
    xNumberOfSuccessfulFrees                 0x20000eb8   Data           4  heap_4.o(.data)
    xBlockAllocatedBit                       0x20000ebc   Data           4  heap_4.o(.data)
    .data                                    0x20000ec0   Section       12  port.o(.data)
    uxCriticalNesting                        0x20000ec0   Data           4  port.o(.data)
    ucMaxSysCallPriority                     0x20000ec4   Data           1  port.o(.data)
    ulMaxPRIGROUPValue                       0x20000ec8   Data           4  port.o(.data)
    .bss                                     0x20000ecc   Section      596  freertos.o(.bss)
    xIdleTaskTCBBuffer                       0x20000ecc   Data          84  freertos.o(.bss)
    xIdleStack                               0x20000f20   Data         512  freertos.o(.bss)
    .bss                                     0x20001120   Section       80  can.o(.bss)
    .bss                                     0x20001170   Section      936  usart.o(.bss)
    .bss                                     0x20001518   Section       72  stm32f4xx_hal_timebase_tim.o(.bss)
    .bss                                     0x20001560   Section       88  can_receive.o(.bss)
    chassis_tx_message                       0x20001560   Data          24  can_receive.o(.bss)
    arm_tx_message                           0x20001578   Data          24  can_receive.o(.bss)
    tramcar_tx_message                       0x20001590   Data          24  can_receive.o(.bss)
    .bss                                     0x200015b8   Section       22  remote_control.o(.bss)
    .bss                                     0x200015ce   Section      400  drv_usart.o(.bss)
    .bss                                     0x20001760   Section      504  arm_task.o(.bss)
    .bss                                     0x20001958   Section      240  tasks.o(.bss)
    pxReadyTasksLists                        0x20001958   Data         140  tasks.o(.bss)
    xDelayedTaskList1                        0x200019e4   Data          20  tasks.o(.bss)
    xDelayedTaskList2                        0x200019f8   Data          20  tasks.o(.bss)
    xPendingReadyList                        0x20001a0c   Data          20  tasks.o(.bss)
    xTasksWaitingTermination                 0x20001a20   Data          20  tasks.o(.bss)
    xSuspendedTaskList                       0x20001a34   Data          20  tasks.o(.bss)
    .bss                                     0x20001a48   Section    15360  heap_4.o(.bss)
    ucHeap                                   0x20001a48   Data       15360  heap_4.o(.bss)
    .bss                                     0x20005648   Section      214  referee.o(.bss)
    .bss                                     0x20005720   Section       96  libspace.o(.bss)
    HEAP                                     0x20005780   Section      512  startup_stm32f405xx.o(HEAP)
    Heap_Mem                                 0x20005780   Data         512  startup_stm32f405xx.o(HEAP)
    STACK                                    0x20005980   Section     1024  startup_stm32f405xx.o(STACK)
    Stack_Mem                                0x20005980   Data        1024  startup_stm32f405xx.o(STACK)
    __initial_sp                             0x20005d80   Data           0  startup_stm32f405xx.o(STACK)

    Global Symbols

    Symbol Name                              Value     Ov Type        Size  Object(Section)

    BuildAttributes$$THM_ISAv4$E$P$D$K$B$S$7EM$VFPi3$EXTD16$VFPS$VFMA$PE$A:L22UL41UL21$X:L11$S22US41US21$IEEE1$IW$USESV6$~STKCKD$USESV7$~SHL$OTIME$ROPI$IEEEX$EBA8$UX$STANDARDLIB$REQ8$PRES8$EABIv2 0x00000000   Number         0  anon$$obj.o ABSOLUTE
    __ARM_use_no_argv                        0x00000000   Number         0  main.o ABSOLUTE
    __ARM_exceptions_init                     - Undefined Weak Reference
    __alloca_initialize                       - Undefined Weak Reference
    __arm_fini_                               - Undefined Weak Reference
    __arm_preinit_                            - Undefined Weak Reference
    __cpp_initialize__aeabi_                  - Undefined Weak Reference
    __cxa_finalize                            - Undefined Weak Reference
    __rt_locale                               - Undefined Weak Reference
    __sigvec_lookup                           - Undefined Weak Reference
    _atexit_init                              - Undefined Weak Reference
    _call_atexit_fns                          - Undefined Weak Reference
    _clock_init                               - Undefined Weak Reference
    _fp_trap_init                             - Undefined Weak Reference
    _fp_trap_shutdown                         - Undefined Weak Reference
    _get_lc_collate                           - Undefined Weak Reference
    _get_lc_ctype                             - Undefined Weak Reference
    _get_lc_monetary                          - Undefined Weak Reference
    _get_lc_numeric                           - Undefined Weak Reference
    _get_lc_time                              - Undefined Weak Reference
    _getenv_init                              - Undefined Weak Reference
    _handle_redirection                       - Undefined Weak Reference
    _init_alloc                               - Undefined Weak Reference
    _init_user_alloc                          - Undefined Weak Reference
    _initio                                   - Undefined Weak Reference
    _rand_init                                - Undefined Weak Reference
    _signal_finish                            - Undefined Weak Reference
    _signal_init                              - Undefined Weak Reference
    _terminate_alloc                          - Undefined Weak Reference
    _terminate_user_alloc                     - Undefined Weak Reference
    _terminateio                              - Undefined Weak Reference
    __Vectors_Size                           0x00000188   Number         0  startup_stm32f405xx.o ABSOLUTE
    __Vectors                                0x08000000   Data           4  startup_stm32f405xx.o(RESET)
    __Vectors_End                            0x08000188   Data           0  startup_stm32f405xx.o(RESET)
    __main                                   0x08000189   Thumb Code     8  __main.o(!!!main)
    __scatterload                            0x08000191   Thumb Code     0  __scatter.o(!!!scatter)
    __scatterload_rt2                        0x08000191   Thumb Code    44  __scatter.o(!!!scatter)
    __scatterload_rt2_thumb_only             0x08000191   Thumb Code     0  __scatter.o(!!!scatter)
    __scatterload_null                       0x0800019f   Thumb Code     0  __scatter.o(!!!scatter)
    __decompress                             0x080001c5   Thumb Code    90  __dczerorl2.o(!!dczerorl2)
    __decompress1                            0x080001c5   Thumb Code     0  __dczerorl2.o(!!dczerorl2)
    __scatterload_zeroinit                   0x08000221   Thumb Code    28  __scatter_zi.o(!!handler_zi)
    __rt_lib_init                            0x0800023d   Thumb Code     0  libinit.o(.ARM.Collect$$libinit$$00000000)
    __rt_lib_init_fp_1                       0x0800023f   Thumb Code     0  libinit2.o(.ARM.Collect$$libinit$$00000001)
    __rt_lib_init_alloca_1                   0x08000243   Thumb Code     0  libinit2.o(.ARM.Collect$$libinit$$0000002E)
    __rt_lib_init_argv_1                     0x08000243   Thumb Code     0  libinit2.o(.ARM.Collect$$libinit$$0000002C)
    __rt_lib_init_atexit_1                   0x08000243   Thumb Code     0  libinit2.o(.ARM.Collect$$libinit$$0000001B)
    __rt_lib_init_clock_1                    0x08000243   Thumb Code     0  libinit2.o(.ARM.Collect$$libinit$$00000021)
    __rt_lib_init_cpp_1                      0x08000243   Thumb Code     0  libinit2.o(.ARM.Collect$$libinit$$00000032)
    __rt_lib_init_exceptions_1               0x08000243   Thumb Code     0  libinit2.o(.ARM.Collect$$libinit$$00000030)
    __rt_lib_init_fp_trap_1                  0x08000243   Thumb Code     0  libinit2.o(.ARM.Collect$$libinit$$0000001F)
    __rt_lib_init_getenv_1                   0x08000243   Thumb Code     0  libinit2.o(.ARM.Collect$$libinit$$00000023)
    __rt_lib_init_heap_1                     0x08000243   Thumb Code     0  libinit2.o(.ARM.Collect$$libinit$$0000000A)
    __rt_lib_init_lc_collate_1               0x08000243   Thumb Code     0  libinit2.o(.ARM.Collect$$libinit$$00000011)
    __rt_lib_init_lc_ctype_1                 0x08000243   Thumb Code     0  libinit2.o(.ARM.Collect$$libinit$$00000013)
    __rt_lib_init_lc_monetary_1              0x08000243   Thumb Code     0  libinit2.o(.ARM.Collect$$libinit$$00000015)
    __rt_lib_init_lc_numeric_1               0x08000243   Thumb Code     0  libinit2.o(.ARM.Collect$$libinit$$00000017)
    __rt_lib_init_lc_time_1                  0x08000243   Thumb Code     0  libinit2.o(.ARM.Collect$$libinit$$00000019)
    __rt_lib_init_preinit_1                  0x08000243   Thumb Code     0  libinit2.o(.ARM.Collect$$libinit$$00000004)
    __rt_lib_init_rand_1                     0x08000243   Thumb Code     0  libinit2.o(.ARM.Collect$$libinit$$0000000E)
    __rt_lib_init_return                     0x08000243   Thumb Code     0  libinit2.o(.ARM.Collect$$libinit$$00000033)
    __rt_lib_init_signal_1                   0x08000243   Thumb Code     0  libinit2.o(.ARM.Collect$$libinit$$0000001D)
    __rt_lib_init_stdio_1                    0x08000243   Thumb Code     0  libinit2.o(.ARM.Collect$$libinit$$00000025)
    __rt_lib_init_user_alloc_1               0x08000243   Thumb Code     0  libinit2.o(.ARM.Collect$$libinit$$0000000C)
    __rt_lib_shutdown                        0x08000245   Thumb Code     0  libshutdown.o(.ARM.Collect$$libshutdown$$00000000)
    __rt_lib_shutdown_cpp_1                  0x08000247   Thumb Code     0  libshutdown2.o(.ARM.Collect$$libshutdown$$00000004)
    __rt_lib_shutdown_fini_1                 0x08000247   Thumb Code     0  libshutdown2.o(.ARM.Collect$$libshutdown$$00000002)
    __rt_lib_shutdown_fp_trap_1              0x08000247   Thumb Code     0  libshutdown2.o(.ARM.Collect$$libshutdown$$00000009)
    __rt_lib_shutdown_heap_1                 0x08000247   Thumb Code     0  libshutdown2.o(.ARM.Collect$$libshutdown$$00000011)
    __rt_lib_shutdown_return                 0x08000247   Thumb Code     0  libshutdown2.o(.ARM.Collect$$libshutdown$$00000012)
    __rt_lib_shutdown_signal_1               0x08000247   Thumb Code     0  libshutdown2.o(.ARM.Collect$$libshutdown$$0000000C)
    __rt_lib_shutdown_stdio_1                0x08000247   Thumb Code     0  libshutdown2.o(.ARM.Collect$$libshutdown$$00000006)
    __rt_lib_shutdown_user_alloc_1           0x08000247   Thumb Code     0  libshutdown2.o(.ARM.Collect$$libshutdown$$0000000E)
    __rt_entry                               0x08000249   Thumb Code     0  __rtentry.o(.ARM.Collect$$rtentry$$00000000)
    __rt_entry_presh_1                       0x08000249   Thumb Code     0  __rtentry2.o(.ARM.Collect$$rtentry$$00000002)
    __rt_entry_sh                            0x08000249   Thumb Code     0  __rtentry4.o(.ARM.Collect$$rtentry$$00000004)
    __rt_entry_li                            0x0800024f   Thumb Code     0  __rtentry2.o(.ARM.Collect$$rtentry$$0000000A)
    __rt_entry_postsh_1                      0x0800024f   Thumb Code     0  __rtentry2.o(.ARM.Collect$$rtentry$$00000009)
    __rt_entry_main                          0x08000253   Thumb Code     0  __rtentry2.o(.ARM.Collect$$rtentry$$0000000D)
    __rt_entry_postli_1                      0x08000253   Thumb Code     0  __rtentry2.o(.ARM.Collect$$rtentry$$0000000C)
    __rt_exit                                0x0800025b   Thumb Code     0  rtexit.o(.ARM.Collect$$rtexit$$00000000)
    __rt_exit_ls                             0x0800025d   Thumb Code     0  rtexit2.o(.ARM.Collect$$rtexit$$00000003)
    __rt_exit_prels_1                        0x0800025d   Thumb Code     0  rtexit2.o(.ARM.Collect$$rtexit$$00000002)
    __rt_exit_exit                           0x08000261   Thumb Code     0  rtexit2.o(.ARM.Collect$$rtexit$$00000004)
    SVC_Handler                              0x08000269   Thumb Code    28  port.o(.emb_text)
    __asm___6_port_c_39a90d8d__prvStartFirstTask 0x08000289   Thumb Code    36  port.o(.emb_text)
    __asm___6_port_c_39a90d8d__prvEnableVFP  0x080002b1   Thumb Code    16  port.o(.emb_text)
    PendSV_Handler                           0x080002c5   Thumb Code    88  port.o(.emb_text)
    vPortGetIPSR                             0x08000321   Thumb Code     6  port.o(.emb_text)
    Reset_Handler                            0x08000329   Thumb Code     8  startup_stm32f405xx.o(.text)
    ADC_IRQHandler                           0x08000343   Thumb Code     0  startup_stm32f405xx.o(.text)
    CAN1_RX1_IRQHandler                      0x08000343   Thumb Code     0  startup_stm32f405xx.o(.text)
    CAN1_SCE_IRQHandler                      0x08000343   Thumb Code     0  startup_stm32f405xx.o(.text)
    CAN1_TX_IRQHandler                       0x08000343   Thumb Code     0  startup_stm32f405xx.o(.text)
    CAN2_RX1_IRQHandler                      0x08000343   Thumb Code     0  startup_stm32f405xx.o(.text)
    CAN2_SCE_IRQHandler                      0x08000343   Thumb Code     0  startup_stm32f405xx.o(.text)
    CAN2_TX_IRQHandler                       0x08000343   Thumb Code     0  startup_stm32f405xx.o(.text)
    DMA1_Stream0_IRQHandler                  0x08000343   Thumb Code     0  startup_stm32f405xx.o(.text)
    DMA1_Stream3_IRQHandler                  0x08000343   Thumb Code     0  startup_stm32f405xx.o(.text)
    DMA1_Stream6_IRQHandler                  0x08000343   Thumb Code     0  startup_stm32f405xx.o(.text)
    DMA1_Stream7_IRQHandler                  0x08000343   Thumb Code     0  startup_stm32f405xx.o(.text)
    DMA2_Stream0_IRQHandler                  0x08000343   Thumb Code     0  startup_stm32f405xx.o(.text)
    DMA2_Stream1_IRQHandler                  0x08000343   Thumb Code     0  startup_stm32f405xx.o(.text)
    DMA2_Stream3_IRQHandler                  0x08000343   Thumb Code     0  startup_stm32f405xx.o(.text)
    DMA2_Stream4_IRQHandler                  0x08000343   Thumb Code     0  startup_stm32f405xx.o(.text)
    DMA2_Stream5_IRQHandler                  0x08000343   Thumb Code     0  startup_stm32f405xx.o(.text)
    DMA2_Stream6_IRQHandler                  0x08000343   Thumb Code     0  startup_stm32f405xx.o(.text)
    EXTI0_IRQHandler                         0x08000343   Thumb Code     0  startup_stm32f405xx.o(.text)
    EXTI15_10_IRQHandler                     0x08000343   Thumb Code     0  startup_stm32f405xx.o(.text)
    EXTI1_IRQHandler                         0x08000343   Thumb Code     0  startup_stm32f405xx.o(.text)
    EXTI2_IRQHandler                         0x08000343   Thumb Code     0  startup_stm32f405xx.o(.text)
    EXTI3_IRQHandler                         0x08000343   Thumb Code     0  startup_stm32f405xx.o(.text)
    EXTI4_IRQHandler                         0x08000343   Thumb Code     0  startup_stm32f405xx.o(.text)
    EXTI9_5_IRQHandler                       0x08000343   Thumb Code     0  startup_stm32f405xx.o(.text)
    FLASH_IRQHandler                         0x08000343   Thumb Code     0  startup_stm32f405xx.o(.text)
    FMC_IRQHandler                           0x08000343   Thumb Code     0  startup_stm32f405xx.o(.text)
    FPU_IRQHandler                           0x08000343   Thumb Code     0  startup_stm32f405xx.o(.text)
    HASH_RNG_IRQHandler                      0x08000343   Thumb Code     0  startup_stm32f405xx.o(.text)
    I2C1_ER_IRQHandler                       0x08000343   Thumb Code     0  startup_stm32f405xx.o(.text)
    I2C1_EV_IRQHandler                       0x08000343   Thumb Code     0  startup_stm32f405xx.o(.text)
    I2C2_ER_IRQHandler                       0x08000343   Thumb Code     0  startup_stm32f405xx.o(.text)
    I2C2_EV_IRQHandler                       0x08000343   Thumb Code     0  startup_stm32f405xx.o(.text)
    I2C3_ER_IRQHandler                       0x08000343   Thumb Code     0  startup_stm32f405xx.o(.text)
    I2C3_EV_IRQHandler                       0x08000343   Thumb Code     0  startup_stm32f405xx.o(.text)
    OTG_FS_IRQHandler                        0x08000343   Thumb Code     0  startup_stm32f405xx.o(.text)
    OTG_FS_WKUP_IRQHandler                   0x08000343   Thumb Code     0  startup_stm32f405xx.o(.text)
    OTG_HS_EP1_IN_IRQHandler                 0x08000343   Thumb Code     0  startup_stm32f405xx.o(.text)
    OTG_HS_EP1_OUT_IRQHandler                0x08000343   Thumb Code     0  startup_stm32f405xx.o(.text)
    OTG_HS_IRQHandler                        0x08000343   Thumb Code     0  startup_stm32f405xx.o(.text)
    OTG_HS_WKUP_IRQHandler                   0x08000343   Thumb Code     0  startup_stm32f405xx.o(.text)
    PVD_IRQHandler                           0x08000343   Thumb Code     0  startup_stm32f405xx.o(.text)
    RCC_IRQHandler                           0x08000343   Thumb Code     0  startup_stm32f405xx.o(.text)
    RTC_Alarm_IRQHandler                     0x08000343   Thumb Code     0  startup_stm32f405xx.o(.text)
    RTC_WKUP_IRQHandler                      0x08000343   Thumb Code     0  startup_stm32f405xx.o(.text)
    SDIO_IRQHandler                          0x08000343   Thumb Code     0  startup_stm32f405xx.o(.text)
    SPI1_IRQHandler                          0x08000343   Thumb Code     0  startup_stm32f405xx.o(.text)
    SPI2_IRQHandler                          0x08000343   Thumb Code     0  startup_stm32f405xx.o(.text)
    SPI3_IRQHandler                          0x08000343   Thumb Code     0  startup_stm32f405xx.o(.text)
    TAMP_STAMP_IRQHandler                    0x08000343   Thumb Code     0  startup_stm32f405xx.o(.text)
    TIM1_BRK_TIM9_IRQHandler                 0x08000343   Thumb Code     0  startup_stm32f405xx.o(.text)
    TIM1_CC_IRQHandler                       0x08000343   Thumb Code     0  startup_stm32f405xx.o(.text)
    TIM1_TRG_COM_TIM11_IRQHandler            0x08000343   Thumb Code     0  startup_stm32f405xx.o(.text)
    TIM1_UP_TIM10_IRQHandler                 0x08000343   Thumb Code     0  startup_stm32f405xx.o(.text)
    TIM2_IRQHandler                          0x08000343   Thumb Code     0  startup_stm32f405xx.o(.text)
    TIM3_IRQHandler                          0x08000343   Thumb Code     0  startup_stm32f405xx.o(.text)
    TIM4_IRQHandler                          0x08000343   Thumb Code     0  startup_stm32f405xx.o(.text)
    TIM5_IRQHandler                          0x08000343   Thumb Code     0  startup_stm32f405xx.o(.text)
    TIM6_DAC_IRQHandler                      0x08000343   Thumb Code     0  startup_stm32f405xx.o(.text)
    TIM7_IRQHandler                          0x08000343   Thumb Code     0  startup_stm32f405xx.o(.text)
    TIM8_BRK_TIM12_IRQHandler                0x08000343   Thumb Code     0  startup_stm32f405xx.o(.text)
    TIM8_CC_IRQHandler                       0x08000343   Thumb Code     0  startup_stm32f405xx.o(.text)
    TIM8_UP_TIM13_IRQHandler                 0x08000343   Thumb Code     0  startup_stm32f405xx.o(.text)
    UART5_IRQHandler                         0x08000343   Thumb Code     0  startup_stm32f405xx.o(.text)
    WWDG_IRQHandler                          0x08000343   Thumb Code     0  startup_stm32f405xx.o(.text)
    __user_initial_stackheap                 0x08000345   Thumb Code     0  startup_stm32f405xx.o(.text)
    __aeabi_uldivmod                         0x08000369   Thumb Code     0  lludivv7m.o(.text)
    _ll_udiv                                 0x08000369   Thumb Code   238  lludivv7m.o(.text)
    __aeabi_memcpy                           0x08000457   Thumb Code     0  rt_memcpy_v6.o(.text)
    __rt_memcpy                              0x08000457   Thumb Code   138  rt_memcpy_v6.o(.text)
    _memcpy_lastbytes                        0x080004bd   Thumb Code     0  rt_memcpy_v6.o(.text)
    __aeabi_memcpy4                          0x080004e1   Thumb Code     0  rt_memcpy_w.o(.text)
    __aeabi_memcpy8                          0x080004e1   Thumb Code     0  rt_memcpy_w.o(.text)
    __rt_memcpy_w                            0x080004e1   Thumb Code   100  rt_memcpy_w.o(.text)
    _memcpy_lastbytes_aligned                0x08000529   Thumb Code     0  rt_memcpy_w.o(.text)
    __aeabi_memclr                           0x08000545   Thumb Code     0  rt_memclr.o(.text)
    __rt_memclr                              0x08000545   Thumb Code    68  rt_memclr.o(.text)
    _memset                                  0x08000549   Thumb Code     0  rt_memclr.o(.text)
    __aeabi_memclr4                          0x08000589   Thumb Code     0  rt_memclr_w.o(.text)
    __aeabi_memclr8                          0x08000589   Thumb Code     0  rt_memclr_w.o(.text)
    __rt_memclr_w                            0x08000589   Thumb Code    78  rt_memclr_w.o(.text)
    _memset_w                                0x0800058d   Thumb Code     0  rt_memclr_w.o(.text)
    __use_two_region_memory                  0x080005d7   Thumb Code     2  heapauxi.o(.text)
    __rt_heap_escrow$2region                 0x080005d9   Thumb Code     2  heapauxi.o(.text)
    __rt_heap_expand$2region                 0x080005db   Thumb Code     2  heapauxi.o(.text)
    __user_libspace                          0x080005dd   Thumb Code     8  libspace.o(.text)
    __user_perproc_libspace                  0x080005dd   Thumb Code     0  libspace.o(.text)
    __user_perthread_libspace                0x080005dd   Thumb Code     0  libspace.o(.text)
    __user_setup_stackheap                   0x080005e5   Thumb Code    74  sys_stackheap_outer.o(.text)
    exit                                     0x0800062f   Thumb Code    18  exit.o(.text)
    _sys_exit                                0x08000641   Thumb Code     8  sys_exit.o(.text)
    __I$use$semihosting                      0x0800064d   Thumb Code     0  use_no_semi.o(.text)
    __use_no_semihosting_swi                 0x0800064d   Thumb Code     2  use_no_semi.o(.text)
    BusFault_Handler                         0x0800064f   Thumb Code     4  stm32f4xx_it.o(i.BusFault_Handler)
    __semihosting_library_function           0x0800064f   Thumb Code     0  indicate_semi.o(.text)
    CAN1_Init                                0x08000655   Thumb Code    38  drv_can.o(i.CAN1_Init)
    CAN1_RX0_IRQHandler                      0x08000681   Thumb Code    10  stm32f4xx_it.o(i.CAN1_RX0_IRQHandler)
    CAN2_Init                                0x08000691   Thumb Code    38  drv_can.o(i.CAN2_Init)
    CAN2_RX0_IRQHandler                      0x080006bd   Thumb Code    10  stm32f4xx_it.o(i.CAN2_RX0_IRQHandler)
    CAN_Date_Decode                          0x080006cd   Thumb Code    42  can_receive.o(i.CAN_Date_Decode)
    CAN_cmd_chassis                          0x0800073d   Thumb Code    68  can_receive.o(i.CAN_cmd_chassis)
    Chassis_Allot_Speed                      0x0800078d   Thumb Code   148  chassis_task.o(i.Chassis_Allot_Speed)
    Chassis_CanOutPut                        0x08000821   Thumb Code   110  chassis_task.o(i.Chassis_CanOutPut)
    Chassis_GET_Info                         0x0800089d   Thumb Code    28  chassis_task.o(i.Chassis_GET_Info)
    Chassis_GetOutPut                        0x080008c1   Thumb Code    56  chassis_task.o(i.Chassis_GetOutPut)
    Chassis_Get_PID_Type                     0x080008f9   Thumb Code    12  chassis_task.o(i.Chassis_Get_PID_Type)
    Chassis_Handler                          0x08000909   Thumb Code    22  chassis_task.o(i.Chassis_Handler)
    Chassis_InitPID                          0x08000921   Thumb Code    32  chassis_task.o(i.Chassis_InitPID)
    Chassis_KEY_Ctrl                         0x08000949   Thumb Code   210  chassis_task.o(i.Chassis_KEY_Ctrl)
    Chassis_MotorSpeed                       0x08000a41   Thumb Code    36  chassis_task.o(i.Chassis_MotorSpeed)
    Chassis_PID_Switch                       0x08000a69   Thumb Code    66  chassis_task.o(i.Chassis_PID_Switch)
    Chassis_RC_Ctrl                          0x08000ab5   Thumb Code   114  chassis_task.o(i.Chassis_RC_Ctrl)
    Chassis_Set_PID_Type                     0x08000b31   Thumb Code    32  chassis_task.o(i.Chassis_Set_PID_Type)
    Chassis_Stop                             0x08000b59   Thumb Code    38  chassis_task.o(i.Chassis_Stop)
    Chassis_Task                             0x08000b85   Thumb Code    40  chassis_task.o(i.Chassis_Task)
    DMA1_Stream1_IRQHandler                  0x08000bb1   Thumb Code    10  stm32f4xx_it.o(i.DMA1_Stream1_IRQHandler)
    DMA1_Stream2_IRQHandler                  0x08000bc1   Thumb Code    10  stm32f4xx_it.o(i.DMA1_Stream2_IRQHandler)
    DMA1_Stream4_IRQHandler                  0x08000bd1   Thumb Code    10  stm32f4xx_it.o(i.DMA1_Stream4_IRQHandler)
    DMA1_Stream5_IRQHandler                  0x08000be1   Thumb Code    10  stm32f4xx_it.o(i.DMA1_Stream5_IRQHandler)
    DMA2_Stream2_IRQHandler                  0x08000bf1   Thumb Code    10  stm32f4xx_it.o(i.DMA2_Stream2_IRQHandler)
    DMA2_Stream7_IRQHandler                  0x08000c01   Thumb Code    10  stm32f4xx_it.o(i.DMA2_Stream7_IRQHandler)
    DebugMon_Handler                         0x08000d1b   Thumb Code     2  stm32f4xx_it.o(i.DebugMon_Handler)
    Determine_ID                             0x08000d1d   Thumb Code   464  referee.o(i.Determine_ID)
    Driver_Init                              0x08000ef1   Thumb Code    16  driver.o(i.Driver_Init)
    Error_Handler                            0x08000f01   Thumb Code     6  main.o(i.Error_Handler)
    Get_CRC16_Check_Sum                      0x08000f15   Thumb Code    46  crc.o(i.Get_CRC16_Check_Sum)
    Get_CRC8_Check_Sum                       0x08000f49   Thumb Code    30  crc.o(i.Get_CRC8_Check_Sum)
    HAL_CAN_ActivateNotification             0x08000f6d   Thumb Code    42  stm32f4xx_hal_can.o(i.HAL_CAN_ActivateNotification)
    HAL_CAN_AddTxMessage                     0x08000f97   Thumb Code   330  stm32f4xx_hal_can.o(i.HAL_CAN_AddTxMessage)
    HAL_CAN_ConfigFilter                     0x080010e1   Thumb Code   286  stm32f4xx_hal_can.o(i.HAL_CAN_ConfigFilter)
    HAL_CAN_ErrorCallback                    0x08001205   Thumb Code     2  stm32f4xx_hal_can.o(i.HAL_CAN_ErrorCallback)
    HAL_CAN_GetRxMessage                     0x08001207   Thumb Code   404  stm32f4xx_hal_can.o(i.HAL_CAN_GetRxMessage)
    HAL_CAN_IRQHandler                       0x0800139b   Thumb Code   590  stm32f4xx_hal_can.o(i.HAL_CAN_IRQHandler)
    HAL_CAN_Init                             0x080015e9   Thumb Code   372  stm32f4xx_hal_can.o(i.HAL_CAN_Init)
    HAL_CAN_MspInit                          0x0800175d   Thumb Code   332  can.o(i.HAL_CAN_MspInit)
    HAL_CAN_RxFifo0FullCallback              0x080018c1   Thumb Code     2  stm32f4xx_hal_can.o(i.HAL_CAN_RxFifo0FullCallback)
    HAL_CAN_RxFifo0MsgPendingCallback        0x080018c5   Thumb Code   258  can_receive.o(i.HAL_CAN_RxFifo0MsgPendingCallback)
    HAL_CAN_RxFifo1FullCallback              0x080019fd   Thumb Code     2  stm32f4xx_hal_can.o(i.HAL_CAN_RxFifo1FullCallback)
    HAL_CAN_RxFifo1MsgPendingCallback        0x080019ff   Thumb Code     2  stm32f4xx_hal_can.o(i.HAL_CAN_RxFifo1MsgPendingCallback)
    HAL_CAN_SleepCallback                    0x08001a01   Thumb Code     2  stm32f4xx_hal_can.o(i.HAL_CAN_SleepCallback)
    HAL_CAN_Start                            0x08001a03   Thumb Code    94  stm32f4xx_hal_can.o(i.HAL_CAN_Start)
    HAL_CAN_TxMailbox0AbortCallback          0x08001a61   Thumb Code     2  stm32f4xx_hal_can.o(i.HAL_CAN_TxMailbox0AbortCallback)
    HAL_CAN_TxMailbox0CompleteCallback       0x08001a63   Thumb Code     2  stm32f4xx_hal_can.o(i.HAL_CAN_TxMailbox0CompleteCallback)
    HAL_CAN_TxMailbox1AbortCallback          0x08001a65   Thumb Code     2  stm32f4xx_hal_can.o(i.HAL_CAN_TxMailbox1AbortCallback)
    HAL_CAN_TxMailbox1CompleteCallback       0x08001a67   Thumb Code     2  stm32f4xx_hal_can.o(i.HAL_CAN_TxMailbox1CompleteCallback)
    HAL_CAN_TxMailbox2AbortCallback          0x08001a69   Thumb Code     2  stm32f4xx_hal_can.o(i.HAL_CAN_TxMailbox2AbortCallback)
    HAL_CAN_TxMailbox2CompleteCallback       0x08001a6b   Thumb Code     2  stm32f4xx_hal_can.o(i.HAL_CAN_TxMailbox2CompleteCallback)
    HAL_CAN_WakeUpFromRxMsgCallback          0x08001a6d   Thumb Code     2  stm32f4xx_hal_can.o(i.HAL_CAN_WakeUpFromRxMsgCallback)
    HAL_DMA_Abort                            0x08001a6f   Thumb Code   172  stm32f4xx_hal_dma.o(i.HAL_DMA_Abort)
    HAL_DMA_Abort_IT                         0x08001b1b   Thumb Code    40  stm32f4xx_hal_dma.o(i.HAL_DMA_Abort_IT)
    HAL_DMA_IRQHandler                       0x08001b45   Thumb Code   570  stm32f4xx_hal_dma.o(i.HAL_DMA_IRQHandler)
    HAL_DMA_Init                             0x08001d85   Thumb Code   232  stm32f4xx_hal_dma.o(i.HAL_DMA_Init)
    HAL_DMA_Start_IT                         0x08001e71   Thumb Code   146  stm32f4xx_hal_dma.o(i.HAL_DMA_Start_IT)
    HAL_Delay                                0x08001f05   Thumb Code    36  stm32f4xx_hal.o(i.HAL_Delay)
    HAL_GPIO_Init                            0x08001f2d   Thumb Code   454  stm32f4xx_hal_gpio.o(i.HAL_GPIO_Init)
    HAL_GPIO_WritePin                        0x08002121   Thumb Code    12  stm32f4xx_hal_gpio.o(i.HAL_GPIO_WritePin)
    HAL_GetTick                              0x0800212d   Thumb Code     6  stm32f4xx_hal.o(i.HAL_GetTick)
    HAL_IncTick                              0x08002139   Thumb Code    16  stm32f4xx_hal.o(i.HAL_IncTick)
    HAL_Init                                 0x08002151   Thumb Code    54  stm32f4xx_hal.o(i.HAL_Init)
    HAL_InitTick                             0x0800218d   Thumb Code   160  stm32f4xx_hal_timebase_tim.o(i.HAL_InitTick)
    HAL_MspInit                              0x08002241   Thumb Code    78  stm32f4xx_hal_msp.o(i.HAL_MspInit)
    HAL_NVIC_EnableIRQ                       0x08002295   Thumb Code    40  stm32f4xx_hal_cortex.o(i.HAL_NVIC_EnableIRQ)
    HAL_NVIC_SetPriority                     0x080022bd   Thumb Code   124  stm32f4xx_hal_cortex.o(i.HAL_NVIC_SetPriority)
    HAL_NVIC_SetPriorityGrouping             0x08002339   Thumb Code    32  stm32f4xx_hal_cortex.o(i.HAL_NVIC_SetPriorityGrouping)
    HAL_RCC_ClockConfig                      0x08002361   Thumb Code   368  stm32f4xx_hal_rcc.o(i.HAL_RCC_ClockConfig)
    HAL_RCC_GetClockConfig                   0x080024e5   Thumb Code    58  stm32f4xx_hal_rcc.o(i.HAL_RCC_GetClockConfig)
    HAL_RCC_GetHCLKFreq                      0x08002529   Thumb Code     6  stm32f4xx_hal_rcc.o(i.HAL_RCC_GetHCLKFreq)
    HAL_RCC_GetPCLK1Freq                     0x08002535   Thumb Code    22  stm32f4xx_hal_rcc.o(i.HAL_RCC_GetPCLK1Freq)
    HAL_RCC_GetPCLK2Freq                     0x08002555   Thumb Code    22  stm32f4xx_hal_rcc.o(i.HAL_RCC_GetPCLK2Freq)
    HAL_RCC_GetSysClockFreq                  0x08002575   Thumb Code   162  stm32f4xx_hal_rcc.o(i.HAL_RCC_GetSysClockFreq)
    HAL_RCC_OscConfig                        0x08002625   Thumb Code  1172  stm32f4xx_hal_rcc.o(i.HAL_RCC_OscConfig)
    HAL_TIMEx_BreakCallback                  0x08002ac1   Thumb Code     2  stm32f4xx_hal_tim_ex.o(i.HAL_TIMEx_BreakCallback)
    HAL_TIMEx_CommutCallback                 0x08002ac3   Thumb Code     2  stm32f4xx_hal_tim_ex.o(i.HAL_TIMEx_CommutCallback)
    HAL_TIM_Base_Init                        0x08002ac5   Thumb Code   102  stm32f4xx_hal_tim.o(i.HAL_TIM_Base_Init)
    HAL_TIM_Base_MspInit                     0x08002b2b   Thumb Code     2  stm32f4xx_hal_tim.o(i.HAL_TIM_Base_MspInit)
    HAL_TIM_Base_Start_IT                    0x08002b2d   Thumb Code   138  stm32f4xx_hal_tim.o(i.HAL_TIM_Base_Start_IT)
    HAL_TIM_IC_CaptureCallback               0x08002bd5   Thumb Code     2  stm32f4xx_hal_tim.o(i.HAL_TIM_IC_CaptureCallback)
    HAL_TIM_IRQHandler                       0x08002bd7   Thumb Code   364  stm32f4xx_hal_tim.o(i.HAL_TIM_IRQHandler)
    HAL_TIM_OC_DelayElapsedCallback          0x08002d43   Thumb Code     2  stm32f4xx_hal_tim.o(i.HAL_TIM_OC_DelayElapsedCallback)
    HAL_TIM_PWM_PulseFinishedCallback        0x08002d45   Thumb Code     2  stm32f4xx_hal_tim.o(i.HAL_TIM_PWM_PulseFinishedCallback)
    HAL_TIM_PeriodElapsedCallback            0x08002d49   Thumb Code    18  main.o(i.HAL_TIM_PeriodElapsedCallback)
    HAL_TIM_TriggerCallback                  0x08002d61   Thumb Code     2  stm32f4xx_hal_tim.o(i.HAL_TIM_TriggerCallback)
    HAL_UARTEx_RxEventCallback               0x08002d63   Thumb Code     2  stm32f4xx_hal_uart.o(i.HAL_UARTEx_RxEventCallback)
    HAL_UART_DMAStop                         0x08002d65   Thumb Code   138  stm32f4xx_hal_uart.o(i.HAL_UART_DMAStop)
    HAL_UART_ErrorCallback                   0x08002def   Thumb Code     2  stm32f4xx_hal_uart.o(i.HAL_UART_ErrorCallback)
    HAL_UART_IRQHandler                      0x08002df1   Thumb Code   740  stm32f4xx_hal_uart.o(i.HAL_UART_IRQHandler)
    HAL_UART_Init                            0x080030d9   Thumb Code   118  stm32f4xx_hal_uart.o(i.HAL_UART_Init)
    HAL_UART_MspInit                         0x08003151   Thumb Code  1100  usart.o(i.HAL_UART_MspInit)
    HAL_UART_Receive_DMA                     0x0800359d   Thumb Code    44  stm32f4xx_hal_uart.o(i.HAL_UART_Receive_DMA)
    HAL_UART_RxCpltCallback                  0x080035c9   Thumb Code     2  stm32f4xx_hal_uart.o(i.HAL_UART_RxCpltCallback)
    HAL_UART_RxHalfCpltCallback              0x080035cb   Thumb Code     2  stm32f4xx_hal_uart.o(i.HAL_UART_RxHalfCpltCallback)
    HAL_UART_TxCpltCallback                  0x080035cd   Thumb Code     2  stm32f4xx_hal_uart.o(i.HAL_UART_TxCpltCallback)
    HardFault_Handler                        0x080035cf   Thumb Code     4  stm32f4xx_it.o(i.HardFault_Handler)
    Judge_RC_DataErr                         0x080035d5   Thumb Code   202  remote_control.o(i.Judge_RC_DataErr)
    Judge_RC_Lost                            0x080036a9   Thumb Code    36  remote_control.o(i.Judge_RC_Lost)
    MX_CAN1_Init                             0x080036d5   Thumb Code    62  can.o(i.MX_CAN1_Init)
    MX_CAN2_Init                             0x0800371d   Thumb Code    62  can.o(i.MX_CAN2_Init)
    MX_DMA_Init                              0x08003765   Thumb Code   162  dma.o(i.MX_DMA_Init)
    MX_FREERTOS_Init                         0x0800380d   Thumb Code   150  freertos.o(i.MX_FREERTOS_Init)
    MX_GPIO_Init                             0x080038c1   Thumb Code   170  gpio.o(i.MX_GPIO_Init)
    MX_UART4_Init                            0x08003975   Thumb Code    46  usart.o(i.MX_UART4_Init)
    MX_USART1_UART_Init                      0x080039ad   Thumb Code    46  usart.o(i.MX_USART1_UART_Init)
    MX_USART2_UART_Init                      0x080039e5   Thumb Code    52  usart.o(i.MX_USART2_UART_Init)
    MX_USART3_UART_Init                      0x08003a25   Thumb Code    46  usart.o(i.MX_USART3_UART_Init)
    MX_USART6_UART_Init                      0x08003a5d   Thumb Code    46  usart.o(i.MX_USART6_UART_Init)
    M_3508_Init                              0x08003a95   Thumb Code    40  pid.o(i.M_3508_Init)
    M_3508_ParamInit                         0x08003ac5   Thumb Code    52  pid.o(i.M_3508_ParamInit)
    MemManage_Handler                        0x08003b01   Thumb Code     4  stm32f4xx_it.o(i.MemManage_Handler)
    Motor_Init                               0x08003b05   Thumb Code     8  pid.o(i.Motor_Init)
    NMI_Handler                              0x08003b0d   Thumb Code     4  stm32f4xx_it.o(i.NMI_Handler)
    PID_Position                             0x08003b11   Thumb Code   418  pid.o(i.PID_Position)
    PID_Switch                               0x08003cb5   Thumb Code    44  system_task.o(i.PID_Switch)
    PID_init                                 0x08003ce9   Thumb Code    92  pid.o(i.PID_init)
    PITCH_ParamInit                          0x08003d49   Thumb Code    50  arm_task.o(i.PITCH_ParamInit)
    RC_Check                                 0x08003d89   Thumb Code    38  remote_control.o(i.RC_Check)
    RC_Init                                  0x08003db5   Thumb Code   142  drv_usart.o(i.RC_Init)
    RC_State_Report                          0x08003e51   Thumb Code    12  remote_control.o(i.RC_State_Report)
    ROLL_ParamInit                           0x08003e61   Thumb Code    50  arm_task.o(i.ROLL_ParamInit)
    Referee_Decode                           0x08003ea1   Thumb Code   476  referee.o(i.Referee_Decode)
    Remote_Control_Init                      0x08004081   Thumb Code    16  drv_usart.o(i.Remote_Control_Init)
    Speed_Adapt                              0x08004095   Thumb Code    34  chassis_task.o(i.Speed_Adapt)
    StartDefaultTask                         0x080040b7   Thumb Code    10  freertos.o(i.StartDefaultTask)
    StartTask06                              0x080040c1   Thumb Code    10  freertos.o(i.StartTask06)
    SysTick_Handler                          0x080040cd   Thumb Code    46  port.o(i.SysTick_Handler)
    SystemClock_Config                       0x08004101   Thumb Code   172  main.o(i.SystemClock_Config)
    SystemInit                               0x080041b5   Thumb Code    14  system_stm32f4xx.o(i.SystemInit)
    System_State                             0x080041c9   Thumb Code    62  system_task.o(i.System_State)
    System_Task                              0x0800420d   Thumb Code    16  system_task.o(i.System_Task)
    TIM8_TRG_COM_TIM14_IRQHandler            0x0800421d   Thumb Code    10  stm32f4xx_it.o(i.TIM8_TRG_COM_TIM14_IRQHandler)
    TIM_Base_SetConfig                       0x0800422d   Thumb Code   186  stm32f4xx_hal_tim.o(i.TIM_Base_SetConfig)
    UART4_IRQHandler                         0x08004315   Thumb Code    16  stm32f4xx_it.o(i.UART4_IRQHandler)
    UART_IRQHandler_IT                       0x08004519   Thumb Code   558  drv_usart.o(i.UART_IRQHandler_IT)
    UART_Start_Receive_DMA                   0x08004a99   Thumb Code   186  stm32f4xx_hal_uart.o(i.UART_Start_Receive_DMA)
    USART1_IRQHandler                        0x08004bc1   Thumb Code    16  stm32f4xx_it.o(i.USART1_IRQHandler)
    USART2_IRQHandler                        0x08004bd5   Thumb Code    16  stm32f4xx_it.o(i.USART2_IRQHandler)
    USART3_IRQHandler                        0x08004be9   Thumb Code    16  stm32f4xx_it.o(i.USART3_IRQHandler)
    USART6_IRQHandler                        0x08004bfd   Thumb Code    10  stm32f4xx_it.o(i.USART6_IRQHandler)
    USART_Init                               0x08004c0d   Thumb Code    88  drv_usart.o(i.USART_Init)
    UsageFault_Handler                       0x08004c79   Thumb Code     4  stm32f4xx_it.o(i.UsageFault_Handler)
    Verify_CRC16_Check_Sum                   0x08004c7d   Thumb Code    60  crc.o(i.Verify_CRC16_Check_Sum)
    Verify_CRC8_Check_Sum                    0x08004cbd   Thumb Code    46  crc.o(i.Verify_CRC8_Check_Sum)
    XY_Speed                                 0x08004ceb   Thumb Code    38  chassis_task.o(i.XY_Speed)
    anti_constrain                           0x08004d49   Thumb Code    36  pid.o(i.anti_constrain)
    arm_task                                 0x08004d71   Thumb Code   118  arm_task.o(i.arm_task)
    canx_bsp_send_data                       0x08004e21   Thumb Code    70  can_receive.o(i.canx_bsp_send_data)
    canx_send_data                           0x08004e67   Thumb Code    28  can_receive.o(i.canx_send_data)
    chassis_task                             0x08004e83   Thumb Code    18  chassis_task.o(i.chassis_task)
    dm4310_Init                              0x08004e95   Thumb Code    34  arm_task.o(i.dm4310_Init)
    dm4310_fbdata                            0x08004ebd   Thumb Code   146  can_receive.o(i.dm4310_fbdata)
    enable_motor_mode                        0x08004f4f   Thumb Code    66  can_receive.o(i.enable_motor_mode)
    main                                     0x08004fe3   Thumb Code    64  main.o(i.main)
    micros                                   0x08005031   Thumb Code     8  system.o(i.micros)
    osDelay                                  0x08005039   Thumb Code    24  cmsis_os.o(i.osDelay)
    osKernelStart                            0x08005051   Thumb Code    10  cmsis_os.o(i.osKernelStart)
    osThreadCreate                           0x0800505b   Thumb Code    94  cmsis_os.o(i.osThreadCreate)
    pvPortMalloc                             0x08005539   Thumb Code   306  heap_4.o(i.pvPortMalloc)
    pxPortInitialiseStack                    0x08005685   Thumb Code    38  port.o(i.pxPortInitialiseStack)
    sbus_to_rc                               0x080056b1   Thumb Code   342  remote_control.o(i.sbus_to_rc)
    system_task                              0x08005807   Thumb Code    14  system_task.o(i.system_task)
    tramcar_task                             0x08005815   Thumb Code    88  tramcar_task.o(i.tramcar_task)
    uint_to_float                            0x0800588d   Thumb Code    52  can_receive.o(i.uint_to_float)
    uxListRemove                             0x080058c1   Thumb Code    40  list.o(i.uxListRemove)
    vApplicationGetIdleTaskMemory            0x080058e9   Thumb Code    14  freertos.o(i.vApplicationGetIdleTaskMemory)
    vListInitialise                          0x08005901   Thumb Code    26  list.o(i.vListInitialise)
    vListInitialiseItem                      0x0800591b   Thumb Code     6  list.o(i.vListInitialiseItem)
    vListInsert                              0x08005921   Thumb Code    52  list.o(i.vListInsert)
    vListInsertEnd                           0x08005955   Thumb Code    24  list.o(i.vListInsertEnd)
    vPortEnterCritical                       0x0800596d   Thumb Code    76  port.o(i.vPortEnterCritical)
    vPortExitCritical                        0x080059c1   Thumb Code    56  port.o(i.vPortExitCritical)
    vPortFree                                0x080059fd   Thumb Code   150  heap_4.o(i.vPortFree)
    vPortSetupTimerInterrupt                 0x08005aa1   Thumb Code    36  port.o(i.vPortSetupTimerInterrupt)
    vTaskDelay                               0x08005ac9   Thumb Code    82  tasks.o(i.vTaskDelay)
    vTaskStartScheduler                      0x08005b25   Thumb Code   146  tasks.o(i.vTaskStartScheduler)
    vTaskSuspendAll                          0x08005bd5   Thumb Code    12  tasks.o(i.vTaskSuspendAll)
    vTaskSwitchContext                       0x08005be5   Thumb Code   118  tasks.o(i.vTaskSwitchContext)
    xPortStartScheduler                      0x08005c71   Thumb Code   330  port.o(i.xPortStartScheduler)
    xTaskCreate                              0x08005dd9   Thumb Code   100  tasks.o(i.xTaskCreate)
    xTaskCreateStatic                        0x08005e3d   Thumb Code   186  tasks.o(i.xTaskCreateStatic)
    xTaskIncrementTick                       0x08005ef9   Thumb Code   282  tasks.o(i.xTaskIncrementTick)
    xTaskResumeAll                           0x08006041   Thumb Code   224  tasks.o(i.xTaskResumeAll)
    _fp_init                                 0x08006145   Thumb Code    10  fpinit.o(x$fpl$fpinit)
    __fplib_config_fpu_vfp                   0x0800614d   Thumb Code     0  fpinit.o(x$fpl$fpinit)
    __fplib_config_pureend_doubles           0x0800614d   Thumb Code     0  fpinit.o(x$fpl$fpinit)
    CRC8_INIT                                0x080061f8   Data           1  crc.o(.constdata)
    CRC8_TAB                                 0x080061f9   Data         256  crc.o(.constdata)
    wCRC_Table                               0x080062fa   Data         512  crc.o(.constdata)
    CRC08_Table                              0x080064fa   Data         256  crc.o(.constdata)
    CRC16_Table                              0x080065fa   Data         512  crc.o(.constdata)
    AHBPrescTable                            0x08006802   Data          16  system_stm32f4xx.o(.constdata)
    APBPrescTable                            0x08006812   Data           8  system_stm32f4xx.o(.constdata)
    Region$$Table$$Base                      0x0800686c   Number         0  anon$$obj.o(Region$$Table)
    Region$$Table$$Limit                     0x0800688c   Number         0  anon$$obj.o(Region$$Table)
    defaultTaskHandle                        0x20000000   Data           4  freertos.o(.data)
    ARM_TASKHandle                           0x20000004   Data           4  freertos.o(.data)
    TRAMCAR_TASKHandle                       0x20000008   Data           4  freertos.o(.data)
    CHASSIS_TASKHandle                       0x2000000c   Data           4  freertos.o(.data)
    SYSTEM_TASKHandle                        0x20000010   Data           4  freertos.o(.data)
    myTask06Handle                           0x20000014   Data           4  freertos.o(.data)
    motor_1                                  0x20000034   Data           8  can_receive.o(.data)
    rx_len                                   0x20000040   Data           2  drv_usart.o(.data)
    System                                   0x20000048   Data           4  system_task.o(.data)
    Remote_time                              0x20000050   Data           8  system_task.o(.data)
    Imu_time                                 0x20000058   Data           8  system_task.o(.data)
    Vision_time                              0x20000060   Data           8  system_task.o(.data)
    Chassis                                  0x20000068   Data         928  chassis_task.o(.data)
    yaw_angle_t                              0x20000408   Data           2  chassis_task.o(.data)
    Tramcar                                  0x20000420   Data        1036  tramcar_task.o(.data)
    M_1                                      0x2000082c   Data          12  tramcar_task.o(.data)
    M_2                                      0x20000838   Data          12  tramcar_task.o(.data)
    M_3                                      0x20000844   Data          12  tramcar_task.o(.data)
    M_4                                      0x20000850   Data          12  tramcar_task.o(.data)
    angle1                                   0x2000085c   Data           4  tramcar_task.o(.data)
    motor_id                                 0x20000860   Data           1  arm_task.o(.data)
    Arm                                      0x20000864   Data        1236  arm_task.o(.data)
    Rool_0                                   0x20000d38   Data          12  arm_task.o(.data)
    Rool_1                                   0x20000d44   Data          12  arm_task.o(.data)
    Rool_2                                   0x20000d50   Data          12  arm_task.o(.data)
    Rool_3                                   0x20000d5c   Data          12  arm_task.o(.data)
    pos_1                                    0x20000d68   Data           4  arm_task.o(.data)
    pos_2                                    0x20000d6c   Data           4  arm_task.o(.data)
    angle                                    0x20000d70   Data           2  arm_task.o(.data)
    angle_11                                 0x20000d72   Data           2  arm_task.o(.data)
    tt                                       0x20000d74   Data           2  arm_task.o(.data)
    yy                                       0x20000d76   Data           2  arm_task.o(.data)
    CRC_INIT                                 0x20000d78   Data           2  crc.o(.data)
    PID_Speed_Param                          0x20000d7a   Data         108  pid.o(.data)
    PID_Angle_Param                          0x20000de6   Data         108  pid.o(.data)
    uwTick                                   0x20000e54   Data           4  stm32f4xx_hal.o(.data)
    uwTickPrio                               0x20000e58   Data           4  stm32f4xx_hal.o(.data)
    uwTickFreq                               0x20000e5c   Data           1  stm32f4xx_hal.o(.data)
    SystemCoreClock                          0x20000e60   Data           4  system_stm32f4xx.o(.data)
    pxCurrentTCB                             0x20000e64   Data           4  tasks.o(.data)
    hcan1                                    0x20001120   Data          40  can.o(.bss)
    hcan2                                    0x20001148   Data          40  can.o(.bss)
    huart4                                   0x20001170   Data          72  usart.o(.bss)
    huart1                                   0x200011b8   Data          72  usart.o(.bss)
    huart2                                   0x20001200   Data          72  usart.o(.bss)
    huart3                                   0x20001248   Data          72  usart.o(.bss)
    huart6                                   0x20001290   Data          72  usart.o(.bss)
    hdma_uart4_rx                            0x200012d8   Data          96  usart.o(.bss)
    hdma_uart4_tx                            0x20001338   Data          96  usart.o(.bss)
    hdma_usart1_rx                           0x20001398   Data          96  usart.o(.bss)
    hdma_usart1_tx                           0x200013f8   Data          96  usart.o(.bss)
    hdma_usart2_rx                           0x20001458   Data          96  usart.o(.bss)
    hdma_usart3_rx                           0x200014b8   Data          96  usart.o(.bss)
    htim14                                   0x20001518   Data          72  stm32f4xx_hal_timebase_tim.o(.bss)
    Relative_Angle                           0x200015a8   Data          16  can_receive.o(.bss)
    RC_Ctrl                                  0x200015b8   Data          22  remote_control.o(.bss)
    Judge_Buffer                             0x200015ce   Data         200  drv_usart.o(.bss)
    Dbus_Buffer                              0x20001696   Data          72  drv_usart.o(.bss)
    diy_control                              0x200016de   Data         128  drv_usart.o(.bss)
    motor                                    0x20001760   Data         216  arm_task.o(.bss)
    GM_6020_0                                0x20001838   Data          72  arm_task.o(.bss)
    GM_6020_1                                0x20001880   Data          72  arm_task.o(.bss)
    GM_6020_2                                0x200018c8   Data          72  arm_task.o(.bss)
    GM_6020_3                                0x20001910   Data          72  arm_task.o(.bss)
    REF                                      0x20005648   Data         214  referee.o(.bss)
    __libspace_start                         0x20005720   Data          96  libspace.o(.bss)
    __temporary_stack_top$libspace           0x20005780   Data           0  libspace.o(.bss)



==============================================================================

Memory Map of the image

  Image Entry point : 0x08000189

  Load Region LR_IROM1 (Base: 0x08000000, Size: 0x00007758, Max: 0x00100000, ABSOLUTE, COMPRESSED[0x000068f0])

    Execution Region ER_IROM1 (Exec base: 0x08000000, Load base: 0x08000000, Size: 0x0000688c, Max: 0x00100000, ABSOLUTE)

    Exec Addr    Load Addr    Size         Type   Attr      Idx    E Section Name        Object

    0x08000000   0x08000000   0x00000188   Data   RO            3    RESET               startup_stm32f405xx.o
    0x08000188   0x08000188   0x00000008   Code   RO         6151  * !!!main             c_w.l(__main.o)
    0x08000190   0x08000190   0x00000034   Code   RO         6466    !!!scatter          c_w.l(__scatter.o)
    0x080001c4   0x080001c4   0x0000005a   Code   RO         6464    !!dczerorl2         c_w.l(__dczerorl2.o)
    0x0800021e   0x0800021e   0x00000002   PAD
    0x08000220   0x08000220   0x0000001c   Code   RO         6468    !!handler_zi        c_w.l(__scatter_zi.o)
    0x0800023c   0x0800023c   0x00000002   Code   RO         6335    .ARM.Collect$$libinit$$00000000  c_w.l(libinit.o)
    0x0800023e   0x0800023e   0x00000004   Code   RO         6344    .ARM.Collect$$libinit$$00000001  c_w.l(libinit2.o)
    0x08000242   0x08000242   0x00000000   Code   RO         6347    .ARM.Collect$$libinit$$00000004  c_w.l(libinit2.o)
    0x08000242   0x08000242   0x00000000   Code   RO         6350    .ARM.Collect$$libinit$$0000000A  c_w.l(libinit2.o)
    0x08000242   0x08000242   0x00000000   Code   RO         6352    .ARM.Collect$$libinit$$0000000C  c_w.l(libinit2.o)
    0x08000242   0x08000242   0x00000000   Code   RO         6354    .ARM.Collect$$libinit$$0000000E  c_w.l(libinit2.o)
    0x08000242   0x08000242   0x00000000   Code   RO         6357    .ARM.Collect$$libinit$$00000011  c_w.l(libinit2.o)
    0x08000242   0x08000242   0x00000000   Code   RO         6359    .ARM.Collect$$libinit$$00000013  c_w.l(libinit2.o)
    0x08000242   0x08000242   0x00000000   Code   RO         6361    .ARM.Collect$$libinit$$00000015  c_w.l(libinit2.o)
    0x08000242   0x08000242   0x00000000   Code   RO         6363    .ARM.Collect$$libinit$$00000017  c_w.l(libinit2.o)
    0x08000242   0x08000242   0x00000000   Code   RO         6365    .ARM.Collect$$libinit$$00000019  c_w.l(libinit2.o)
    0x08000242   0x08000242   0x00000000   Code   RO         6367    .ARM.Collect$$libinit$$0000001B  c_w.l(libinit2.o)
    0x08000242   0x08000242   0x00000000   Code   RO         6369    .ARM.Collect$$libinit$$0000001D  c_w.l(libinit2.o)
    0x08000242   0x08000242   0x00000000   Code   RO         6371    .ARM.Collect$$libinit$$0000001F  c_w.l(libinit2.o)
    0x08000242   0x08000242   0x00000000   Code   RO         6373    .ARM.Collect$$libinit$$00000021  c_w.l(libinit2.o)
    0x08000242   0x08000242   0x00000000   Code   RO         6375    .ARM.Collect$$libinit$$00000023  c_w.l(libinit2.o)
    0x08000242   0x08000242   0x00000000   Code   RO         6377    .ARM.Collect$$libinit$$00000025  c_w.l(libinit2.o)
    0x08000242   0x08000242   0x00000000   Code   RO         6381    .ARM.Collect$$libinit$$0000002C  c_w.l(libinit2.o)
    0x08000242   0x08000242   0x00000000   Code   RO         6383    .ARM.Collect$$libinit$$0000002E  c_w.l(libinit2.o)
    0x08000242   0x08000242   0x00000000   Code   RO         6385    .ARM.Collect$$libinit$$00000030  c_w.l(libinit2.o)
    0x08000242   0x08000242   0x00000000   Code   RO         6387    .ARM.Collect$$libinit$$00000032  c_w.l(libinit2.o)
    0x08000242   0x08000242   0x00000002   Code   RO         6388    .ARM.Collect$$libinit$$00000033  c_w.l(libinit2.o)
    0x08000244   0x08000244   0x00000002   Code   RO         6419    .ARM.Collect$$libshutdown$$00000000  c_w.l(libshutdown.o)
    0x08000246   0x08000246   0x00000000   Code   RO         6445    .ARM.Collect$$libshutdown$$00000002  c_w.l(libshutdown2.o)
    0x08000246   0x08000246   0x00000000   Code   RO         6447    .ARM.Collect$$libshutdown$$00000004  c_w.l(libshutdown2.o)
    0x08000246   0x08000246   0x00000000   Code   RO         6449    .ARM.Collect$$libshutdown$$00000006  c_w.l(libshutdown2.o)
    0x08000246   0x08000246   0x00000000   Code   RO         6452    .ARM.Collect$$libshutdown$$00000009  c_w.l(libshutdown2.o)
    0x08000246   0x08000246   0x00000000   Code   RO         6455    .ARM.Collect$$libshutdown$$0000000C  c_w.l(libshutdown2.o)
    0x08000246   0x08000246   0x00000000   Code   RO         6457    .ARM.Collect$$libshutdown$$0000000E  c_w.l(libshutdown2.o)
    0x08000246   0x08000246   0x00000000   Code   RO         6460    .ARM.Collect$$libshutdown$$00000011  c_w.l(libshutdown2.o)
    0x08000246   0x08000246   0x00000002   Code   RO         6461    .ARM.Collect$$libshutdown$$00000012  c_w.l(libshutdown2.o)
    0x08000248   0x08000248   0x00000000   Code   RO         6207    .ARM.Collect$$rtentry$$00000000  c_w.l(__rtentry.o)
    0x08000248   0x08000248   0x00000000   Code   RO         6274    .ARM.Collect$$rtentry$$00000002  c_w.l(__rtentry2.o)
    0x08000248   0x08000248   0x00000006   Code   RO         6286    .ARM.Collect$$rtentry$$00000004  c_w.l(__rtentry4.o)
    0x0800024e   0x0800024e   0x00000000   Code   RO         6276    .ARM.Collect$$rtentry$$00000009  c_w.l(__rtentry2.o)
    0x0800024e   0x0800024e   0x00000004   Code   RO         6277    .ARM.Collect$$rtentry$$0000000A  c_w.l(__rtentry2.o)
    0x08000252   0x08000252   0x00000000   Code   RO         6279    .ARM.Collect$$rtentry$$0000000C  c_w.l(__rtentry2.o)
    0x08000252   0x08000252   0x00000008   Code   RO         6280    .ARM.Collect$$rtentry$$0000000D  c_w.l(__rtentry2.o)
    0x0800025a   0x0800025a   0x00000002   Code   RO         6336    .ARM.Collect$$rtexit$$00000000  c_w.l(rtexit.o)
    0x0800025c   0x0800025c   0x00000000   Code   RO         6392    .ARM.Collect$$rtexit$$00000002  c_w.l(rtexit2.o)
    0x0800025c   0x0800025c   0x00000004   Code   RO         6393    .ARM.Collect$$rtexit$$00000003  c_w.l(rtexit2.o)
    0x08000260   0x08000260   0x00000006   Code   RO         6394    .ARM.Collect$$rtexit$$00000004  c_w.l(rtexit2.o)
    0x08000266   0x08000266   0x00000002   PAD
    0x08000268   0x08000268   0x000000be   Code   RO         5885    .emb_text           port.o
    0x08000326   0x08000326   0x00000002   PAD
    0x08000328   0x08000328   0x00000040   Code   RO            4    .text               startup_stm32f405xx.o
    0x08000368   0x08000368   0x000000ee   Code   RO         6137    .text               c_w.l(lludivv7m.o)
    0x08000456   0x08000456   0x0000008a   Code   RO         6139    .text               c_w.l(rt_memcpy_v6.o)
    0x080004e0   0x080004e0   0x00000064   Code   RO         6141    .text               c_w.l(rt_memcpy_w.o)
    0x08000544   0x08000544   0x00000044   Code   RO         6145    .text               c_w.l(rt_memclr.o)
    0x08000588   0x08000588   0x0000004e   Code   RO         6147    .text               c_w.l(rt_memclr_w.o)
    0x080005d6   0x080005d6   0x00000006   Code   RO         6149    .text               c_w.l(heapauxi.o)
    0x080005dc   0x080005dc   0x00000008   Code   RO         6319    .text               c_w.l(libspace.o)
    0x080005e4   0x080005e4   0x0000004a   Code   RO         6322    .text               c_w.l(sys_stackheap_outer.o)
    0x0800062e   0x0800062e   0x00000012   Code   RO         6324    .text               c_w.l(exit.o)
    0x08000640   0x08000640   0x0000000c   Code   RO         6389    .text               c_w.l(sys_exit.o)
    0x0800064c   0x0800064c   0x00000002   Code   RO         6408    .text               c_w.l(use_no_semi.o)
    0x0800064e   0x0800064e   0x00000000   Code   RO         6410    .text               c_w.l(indicate_semi.o)
    0x0800064e   0x0800064e   0x00000004   Code   RO          491    i.BusFault_Handler  stm32f4xx_it.o
    0x08000652   0x08000652   0x00000002   PAD
    0x08000654   0x08000654   0x0000002c   Code   RO          989    i.CAN1_Init         drv_can.o
    0x08000680   0x08000680   0x00000010   Code   RO          492    i.CAN1_RX0_IRQHandler  stm32f4xx_it.o
    0x08000690   0x08000690   0x0000002c   Code   RO          990    i.CAN2_Init         drv_can.o
    0x080006bc   0x080006bc   0x00000010   Code   RO          493    i.CAN2_RX0_IRQHandler  stm32f4xx_it.o
    0x080006cc   0x080006cc   0x0000002a   Code   RO          696    i.CAN_Date_Decode   can_receive.o
    0x080006f6   0x080006f6   0x00000002   PAD
    0x080006f8   0x080006f8   0x00000044   Code   RO          991    i.CAN_Filter_Init   drv_can.o
    0x0800073c   0x0800073c   0x00000050   Code   RO          698    i.CAN_cmd_chassis   can_receive.o
    0x0800078c   0x0800078c   0x00000094   Code   RO         1168    i.Chassis_Allot_Speed  chassis_task.o
    0x08000820   0x08000820   0x0000007c   Code   RO         1169    i.Chassis_CanOutPut  chassis_task.o
    0x0800089c   0x0800089c   0x00000024   Code   RO         1170    i.Chassis_GET_Info  chassis_task.o
    0x080008c0   0x080008c0   0x00000038   Code   RO         1171    i.Chassis_GetOutPut  chassis_task.o
    0x080008f8   0x080008f8   0x00000010   Code   RO         1172    i.Chassis_Get_PID_Type  chassis_task.o
    0x08000908   0x08000908   0x00000016   Code   RO         1173    i.Chassis_Handler   chassis_task.o
    0x0800091e   0x0800091e   0x00000002   PAD
    0x08000920   0x08000920   0x00000028   Code   RO         1174    i.Chassis_InitPID   chassis_task.o
    0x08000948   0x08000948   0x000000f8   Code   RO         1175    i.Chassis_KEY_Ctrl  chassis_task.o
    0x08000a40   0x08000a40   0x00000028   Code   RO         1176    i.Chassis_MotorSpeed  chassis_task.o
    0x08000a68   0x08000a68   0x0000004c   Code   RO         1177    i.Chassis_PID_Switch  chassis_task.o
    0x08000ab4   0x08000ab4   0x0000007c   Code   RO         1178    i.Chassis_RC_Ctrl   chassis_task.o
    0x08000b30   0x08000b30   0x00000028   Code   RO         1179    i.Chassis_Set_PID_Type  chassis_task.o
    0x08000b58   0x08000b58   0x0000002c   Code   RO         1180    i.Chassis_Stop      chassis_task.o
    0x08000b84   0x08000b84   0x0000002c   Code   RO         1181    i.Chassis_Task      chassis_task.o
    0x08000bb0   0x08000bb0   0x00000010   Code   RO          494    i.DMA1_Stream1_IRQHandler  stm32f4xx_it.o
    0x08000bc0   0x08000bc0   0x00000010   Code   RO          495    i.DMA1_Stream2_IRQHandler  stm32f4xx_it.o
    0x08000bd0   0x08000bd0   0x00000010   Code   RO          496    i.DMA1_Stream4_IRQHandler  stm32f4xx_it.o
    0x08000be0   0x08000be0   0x00000010   Code   RO          497    i.DMA1_Stream5_IRQHandler  stm32f4xx_it.o
    0x08000bf0   0x08000bf0   0x00000010   Code   RO          498    i.DMA2_Stream2_IRQHandler  stm32f4xx_it.o
    0x08000c00   0x08000c00   0x00000010   Code   RO          499    i.DMA2_Stream7_IRQHandler  stm32f4xx_it.o
    0x08000c10   0x08000c10   0x00000034   Code   RO         2569    i.DMA_CalcBaseAndBitshift  stm32f4xx_hal_dma.o
    0x08000c44   0x08000c44   0x000000aa   Code   RO         2570    i.DMA_CheckFifoParam  stm32f4xx_hal_dma.o
    0x08000cee   0x08000cee   0x0000002c   Code   RO         2571    i.DMA_SetConfig     stm32f4xx_hal_dma.o
    0x08000d1a   0x08000d1a   0x00000002   Code   RO          500    i.DebugMon_Handler  stm32f4xx_it.o
    0x08000d1c   0x08000d1c   0x000001d4   Code   RO         5965    i.Determine_ID      referee.o
    0x08000ef0   0x08000ef0   0x00000010   Code   RO          956    i.Driver_Init       driver.o
    0x08000f00   0x08000f00   0x00000006   Code   RO           13    i.Error_Handler     main.o
    0x08000f06   0x08000f06   0x0000000c   Code   RO         6104    i.GXT_SYSTICK_IsActiveCounterFlag  system.o
    0x08000f12   0x08000f12   0x00000002   PAD
    0x08000f14   0x08000f14   0x00000034   Code   RO         1644    i.Get_CRC16_Check_Sum  crc.o
    0x08000f48   0x08000f48   0x00000024   Code   RO         1645    i.Get_CRC8_Check_Sum  crc.o
    0x08000f6c   0x08000f6c   0x0000002a   Code   RO         1832    i.HAL_CAN_ActivateNotification  stm32f4xx_hal_can.o
    0x08000f96   0x08000f96   0x0000014a   Code   RO         1833    i.HAL_CAN_AddTxMessage  stm32f4xx_hal_can.o
    0x080010e0   0x080010e0   0x00000124   Code   RO         1834    i.HAL_CAN_ConfigFilter  stm32f4xx_hal_can.o
    0x08001204   0x08001204   0x00000002   Code   RO         1837    i.HAL_CAN_ErrorCallback  stm32f4xx_hal_can.o
    0x08001206   0x08001206   0x00000194   Code   RO         1840    i.HAL_CAN_GetRxMessage  stm32f4xx_hal_can.o
    0x0800139a   0x0800139a   0x0000024e   Code   RO         1844    i.HAL_CAN_IRQHandler  stm32f4xx_hal_can.o
    0x080015e8   0x080015e8   0x00000174   Code   RO         1845    i.HAL_CAN_Init      stm32f4xx_hal_can.o
    0x0800175c   0x0800175c   0x00000164   Code   RO          353    i.HAL_CAN_MspInit   can.o
    0x080018c0   0x080018c0   0x00000002   Code   RO         1852    i.HAL_CAN_RxFifo0FullCallback  stm32f4xx_hal_can.o
    0x080018c2   0x080018c2   0x00000002   PAD
    0x080018c4   0x080018c4   0x00000138   Code   RO          701    i.HAL_CAN_RxFifo0MsgPendingCallback  can_receive.o
    0x080019fc   0x080019fc   0x00000002   Code   RO         1854    i.HAL_CAN_RxFifo1FullCallback  stm32f4xx_hal_can.o
    0x080019fe   0x080019fe   0x00000002   Code   RO         1855    i.HAL_CAN_RxFifo1MsgPendingCallback  stm32f4xx_hal_can.o
    0x08001a00   0x08001a00   0x00000002   Code   RO         1856    i.HAL_CAN_SleepCallback  stm32f4xx_hal_can.o
    0x08001a02   0x08001a02   0x0000005e   Code   RO         1857    i.HAL_CAN_Start     stm32f4xx_hal_can.o
    0x08001a60   0x08001a60   0x00000002   Code   RO         1859    i.HAL_CAN_TxMailbox0AbortCallback  stm32f4xx_hal_can.o
    0x08001a62   0x08001a62   0x00000002   Code   RO         1860    i.HAL_CAN_TxMailbox0CompleteCallback  stm32f4xx_hal_can.o
    0x08001a64   0x08001a64   0x00000002   Code   RO         1861    i.HAL_CAN_TxMailbox1AbortCallback  stm32f4xx_hal_can.o
    0x08001a66   0x08001a66   0x00000002   Code   RO         1862    i.HAL_CAN_TxMailbox1CompleteCallback  stm32f4xx_hal_can.o
    0x08001a68   0x08001a68   0x00000002   Code   RO         1863    i.HAL_CAN_TxMailbox2AbortCallback  stm32f4xx_hal_can.o
    0x08001a6a   0x08001a6a   0x00000002   Code   RO         1864    i.HAL_CAN_TxMailbox2CompleteCallback  stm32f4xx_hal_can.o
    0x08001a6c   0x08001a6c   0x00000002   Code   RO         1866    i.HAL_CAN_WakeUpFromRxMsgCallback  stm32f4xx_hal_can.o
    0x08001a6e   0x08001a6e   0x000000ac   Code   RO         2572    i.HAL_DMA_Abort     stm32f4xx_hal_dma.o
    0x08001b1a   0x08001b1a   0x00000028   Code   RO         2573    i.HAL_DMA_Abort_IT  stm32f4xx_hal_dma.o
    0x08001b42   0x08001b42   0x00000002   PAD
    0x08001b44   0x08001b44   0x00000240   Code   RO         2577    i.HAL_DMA_IRQHandler  stm32f4xx_hal_dma.o
    0x08001d84   0x08001d84   0x000000ec   Code   RO         2578    i.HAL_DMA_Init      stm32f4xx_hal_dma.o
    0x08001e70   0x08001e70   0x00000092   Code   RO         2582    i.HAL_DMA_Start_IT  stm32f4xx_hal_dma.o
    0x08001f02   0x08001f02   0x00000002   PAD
    0x08001f04   0x08001f04   0x00000028   Code   RO         3002    i.HAL_Delay         stm32f4xx_hal.o
    0x08001f2c   0x08001f2c   0x000001f4   Code   RO         2465    i.HAL_GPIO_Init     stm32f4xx_hal_gpio.o
    0x08002120   0x08002120   0x0000000c   Code   RO         2469    i.HAL_GPIO_WritePin  stm32f4xx_hal_gpio.o
    0x0800212c   0x0800212c   0x0000000c   Code   RO         3008    i.HAL_GetTick       stm32f4xx_hal.o
    0x08002138   0x08002138   0x00000018   Code   RO         3014    i.HAL_IncTick       stm32f4xx_hal.o
    0x08002150   0x08002150   0x0000003c   Code   RO         3015    i.HAL_Init          stm32f4xx_hal.o
    0x0800218c   0x0800218c   0x000000b4   Code   RO          657    i.HAL_InitTick      stm32f4xx_hal_timebase_tim.o
    0x08002240   0x08002240   0x00000054   Code   RO          633    i.HAL_MspInit       stm32f4xx_hal_msp.o
    0x08002294   0x08002294   0x00000028   Code   RO         2855    i.HAL_NVIC_EnableIRQ  stm32f4xx_hal_cortex.o
    0x080022bc   0x080022bc   0x0000007c   Code   RO         2861    i.HAL_NVIC_SetPriority  stm32f4xx_hal_cortex.o
    0x08002338   0x08002338   0x00000028   Code   RO         2862    i.HAL_NVIC_SetPriorityGrouping  stm32f4xx_hal_cortex.o
    0x08002360   0x08002360   0x00000184   Code   RO         2066    i.HAL_RCC_ClockConfig  stm32f4xx_hal_rcc.o
    0x080024e4   0x080024e4   0x00000044   Code   RO         2070    i.HAL_RCC_GetClockConfig  stm32f4xx_hal_rcc.o
    0x08002528   0x08002528   0x0000000c   Code   RO         2071    i.HAL_RCC_GetHCLKFreq  stm32f4xx_hal_rcc.o
    0x08002534   0x08002534   0x00000020   Code   RO         2073    i.HAL_RCC_GetPCLK1Freq  stm32f4xx_hal_rcc.o
    0x08002554   0x08002554   0x00000020   Code   RO         2074    i.HAL_RCC_GetPCLK2Freq  stm32f4xx_hal_rcc.o
    0x08002574   0x08002574   0x000000b0   Code   RO         2075    i.HAL_RCC_GetSysClockFreq  stm32f4xx_hal_rcc.o
    0x08002624   0x08002624   0x0000049c   Code   RO         2078    i.HAL_RCC_OscConfig  stm32f4xx_hal_rcc.o
    0x08002ac0   0x08002ac0   0x00000002   Code   RO         3970    i.HAL_TIMEx_BreakCallback  stm32f4xx_hal_tim_ex.o
    0x08002ac2   0x08002ac2   0x00000002   Code   RO         3971    i.HAL_TIMEx_CommutCallback  stm32f4xx_hal_tim_ex.o
    0x08002ac4   0x08002ac4   0x00000066   Code   RO         3255    i.HAL_TIM_Base_Init  stm32f4xx_hal_tim.o
    0x08002b2a   0x08002b2a   0x00000002   Code   RO         3257    i.HAL_TIM_Base_MspInit  stm32f4xx_hal_tim.o
    0x08002b2c   0x08002b2c   0x000000a8   Code   RO         3260    i.HAL_TIM_Base_Start_IT  stm32f4xx_hal_tim.o
    0x08002bd4   0x08002bd4   0x00000002   Code   RO         3289    i.HAL_TIM_IC_CaptureCallback  stm32f4xx_hal_tim.o
    0x08002bd6   0x08002bd6   0x0000016c   Code   RO         3303    i.HAL_TIM_IRQHandler  stm32f4xx_hal_tim.o
    0x08002d42   0x08002d42   0x00000002   Code   RO         3306    i.HAL_TIM_OC_DelayElapsedCallback  stm32f4xx_hal_tim.o
    0x08002d44   0x08002d44   0x00000002   Code   RO         3333    i.HAL_TIM_PWM_PulseFinishedCallback  stm32f4xx_hal_tim.o
    0x08002d46   0x08002d46   0x00000002   PAD
    0x08002d48   0x08002d48   0x00000018   Code   RO           14    i.HAL_TIM_PeriodElapsedCallback  main.o
    0x08002d60   0x08002d60   0x00000002   Code   RO         3346    i.HAL_TIM_TriggerCallback  stm32f4xx_hal_tim.o
    0x08002d62   0x08002d62   0x00000002   Code   RO         4249    i.HAL_UARTEx_RxEventCallback  stm32f4xx_hal_uart.o
    0x08002d64   0x08002d64   0x0000008a   Code   RO         4261    i.HAL_UART_DMAStop  stm32f4xx_hal_uart.o
    0x08002dee   0x08002dee   0x00000002   Code   RO         4263    i.HAL_UART_ErrorCallback  stm32f4xx_hal_uart.o
    0x08002df0   0x08002df0   0x000002e8   Code   RO         4266    i.HAL_UART_IRQHandler  stm32f4xx_hal_uart.o
    0x080030d8   0x080030d8   0x00000076   Code   RO         4267    i.HAL_UART_Init     stm32f4xx_hal_uart.o
    0x0800314e   0x0800314e   0x00000002   PAD
    0x08003150   0x08003150   0x0000044c   Code   RO          426    i.HAL_UART_MspInit  usart.o
    0x0800359c   0x0800359c   0x0000002c   Code   RO         4271    i.HAL_UART_Receive_DMA  stm32f4xx_hal_uart.o
    0x080035c8   0x080035c8   0x00000002   Code   RO         4273    i.HAL_UART_RxCpltCallback  stm32f4xx_hal_uart.o
    0x080035ca   0x080035ca   0x00000002   Code   RO         4274    i.HAL_UART_RxHalfCpltCallback  stm32f4xx_hal_uart.o
    0x080035cc   0x080035cc   0x00000002   Code   RO         4278    i.HAL_UART_TxCpltCallback  stm32f4xx_hal_uart.o
    0x080035ce   0x080035ce   0x00000004   Code   RO          501    i.HardFault_Handler  stm32f4xx_it.o
    0x080035d2   0x080035d2   0x00000002   PAD
    0x080035d4   0x080035d4   0x000000d4   Code   RO          885    i.Judge_RC_DataErr  remote_control.o
    0x080036a8   0x080036a8   0x0000002c   Code   RO          886    i.Judge_RC_Lost     remote_control.o
    0x080036d4   0x080036d4   0x00000048   Code   RO          354    i.MX_CAN1_Init      can.o
    0x0800371c   0x0800371c   0x00000048   Code   RO          355    i.MX_CAN2_Init      can.o
    0x08003764   0x08003764   0x000000a8   Code   RO          401    i.MX_DMA_Init       dma.o
    0x0800380c   0x0800380c   0x000000b4   Code   RO          296    i.MX_FREERTOS_Init  freertos.o
    0x080038c0   0x080038c0   0x000000b4   Code   RO          272    i.MX_GPIO_Init      gpio.o
    0x08003974   0x08003974   0x00000038   Code   RO          427    i.MX_UART4_Init     usart.o
    0x080039ac   0x080039ac   0x00000038   Code   RO          428    i.MX_USART1_UART_Init  usart.o
    0x080039e4   0x080039e4   0x00000040   Code   RO          429    i.MX_USART2_UART_Init  usart.o
    0x08003a24   0x08003a24   0x00000038   Code   RO          430    i.MX_USART3_UART_Init  usart.o
    0x08003a5c   0x08003a5c   0x00000038   Code   RO          431    i.MX_USART6_UART_Init  usart.o
    0x08003a94   0x08003a94   0x00000030   Code   RO         1733    i.M_3508_Init       pid.o
    0x08003ac4   0x08003ac4   0x0000003c   Code   RO         1734    i.M_3508_ParamInit  pid.o
    0x08003b00   0x08003b00   0x00000004   Code   RO          502    i.MemManage_Handler  stm32f4xx_it.o
    0x08003b04   0x08003b04   0x00000008   Code   RO         1735    i.Motor_Init        pid.o
    0x08003b0c   0x08003b0c   0x00000004   Code   RO          503    i.NMI_Handler       stm32f4xx_it.o
    0x08003b10   0x08003b10   0x000001a2   Code   RO         1737    i.PID_Position      pid.o
    0x08003cb2   0x08003cb2   0x00000002   PAD
    0x08003cb4   0x08003cb4   0x00000034   Code   RO         1087    i.PID_Switch        system_task.o
    0x08003ce8   0x08003ce8   0x00000060   Code   RO         1740    i.PID_init          pid.o
    0x08003d48   0x08003d48   0x00000040   Code   RO         1359    i.PITCH_ParamInit   arm_task.o
    0x08003d88   0x08003d88   0x0000002c   Code   RO          887    i.RC_Check          remote_control.o
    0x08003db4   0x08003db4   0x0000009c   Code   RO         1040    i.RC_Init           drv_usart.o
    0x08003e50   0x08003e50   0x00000010   Code   RO          888    i.RC_State_Report   remote_control.o
    0x08003e60   0x08003e60   0x00000040   Code   RO         1364    i.ROLL_ParamInit    arm_task.o
    0x08003ea0   0x08003ea0   0x000001e0   Code   RO         5966    i.Referee_Decode    referee.o
    0x08004080   0x08004080   0x00000014   Code   RO         1041    i.Remote_Control_Init  drv_usart.o
    0x08004094   0x08004094   0x00000022   Code   RO         1184    i.Speed_Adapt       chassis_task.o
    0x080040b6   0x080040b6   0x0000000a   Code   RO          297    i.StartDefaultTask  freertos.o
    0x080040c0   0x080040c0   0x0000000a   Code   RO          298    i.StartTask06       freertos.o
    0x080040ca   0x080040ca   0x00000002   PAD
    0x080040cc   0x080040cc   0x00000034   Code   RO         5886    i.SysTick_Handler   port.o
    0x08004100   0x08004100   0x000000b4   Code   RO           15    i.SystemClock_Config  main.o
    0x080041b4   0x080041b4   0x00000014   Code   RO         4611    i.SystemInit        system_stm32f4xx.o
    0x080041c8   0x080041c8   0x00000044   Code   RO         1088    i.System_State      system_task.o
    0x0800420c   0x0800420c   0x00000010   Code   RO         1089    i.System_Task       system_task.o
    0x0800421c   0x0800421c   0x00000010   Code   RO          504    i.TIM8_TRG_COM_TIM14_IRQHandler  stm32f4xx_it.o
    0x0800422c   0x0800422c   0x000000e8   Code   RO         3348    i.TIM_Base_SetConfig  stm32f4xx_hal_tim.o
    0x08004314   0x08004314   0x00000014   Code   RO          505    i.UART4_IRQHandler  stm32f4xx_it.o
    0x08004328   0x08004328   0x00000014   Code   RO         4280    i.UART_DMAAbortOnError  stm32f4xx_hal_uart.o
    0x0800433c   0x0800433c   0x00000050   Code   RO         4281    i.UART_DMAError     stm32f4xx_hal_uart.o
    0x0800438c   0x0800438c   0x000000b4   Code   RO         4282    i.UART_DMAReceiveCplt  stm32f4xx_hal_uart.o
    0x08004440   0x08004440   0x00000024   Code   RO         4284    i.UART_DMARxHalfCplt  stm32f4xx_hal_uart.o
    0x08004464   0x08004464   0x0000006c   Code   RO         4290    i.UART_EndRxTransfer  stm32f4xx_hal_uart.o
    0x080044d0   0x080044d0   0x00000020   Code   RO         4291    i.UART_EndTransmit_IT  stm32f4xx_hal_uart.o
    0x080044f0   0x080044f0   0x00000026   Code   RO         4292    i.UART_EndTxTransfer  stm32f4xx_hal_uart.o
    0x08004516   0x08004516   0x00000002   PAD
    0x08004518   0x08004518   0x00000258   Code   RO         1042    i.UART_IRQHandler_IT  drv_usart.o
    0x08004770   0x08004770   0x000000fc   Code   RO         4293    i.UART_Receive_IT   stm32f4xx_hal_uart.o
    0x0800486c   0x0800486c   0x0000022c   Code   RO         4294    i.UART_SetConfig    stm32f4xx_hal_uart.o
    0x08004a98   0x08004a98   0x000000c8   Code   RO         4295    i.UART_Start_Receive_DMA  stm32f4xx_hal_uart.o
    0x08004b60   0x08004b60   0x00000060   Code   RO         4297    i.UART_Transmit_IT  stm32f4xx_hal_uart.o
    0x08004bc0   0x08004bc0   0x00000014   Code   RO          506    i.USART1_IRQHandler  stm32f4xx_it.o
    0x08004bd4   0x08004bd4   0x00000014   Code   RO          507    i.USART2_IRQHandler  stm32f4xx_it.o
    0x08004be8   0x08004be8   0x00000014   Code   RO          508    i.USART3_IRQHandler  stm32f4xx_it.o
    0x08004bfc   0x08004bfc   0x00000010   Code   RO          509    i.USART6_IRQHandler  stm32f4xx_it.o
    0x08004c0c   0x08004c0c   0x0000006c   Code   RO         1043    i.USART_Init        drv_usart.o
    0x08004c78   0x08004c78   0x00000004   Code   RO          510    i.UsageFault_Handler  stm32f4xx_it.o
    0x08004c7c   0x08004c7c   0x00000040   Code   RO         1646    i.Verify_CRC16_Check_Sum  crc.o
    0x08004cbc   0x08004cbc   0x0000002e   Code   RO         1647    i.Verify_CRC8_Check_Sum  crc.o
    0x08004cea   0x08004cea   0x00000026   Code   RO         1185    i.XY_Speed          chassis_task.o
    0x08004d10   0x08004d10   0x00000010   Code   RO         2868    i.__NVIC_GetPriorityGrouping  stm32f4xx_hal_cortex.o
    0x08004d20   0x08004d20   0x00000028   Code   RO         2869    i.__NVIC_SetPriority  stm32f4xx_hal_cortex.o
    0x08004d48   0x08004d48   0x00000028   Code   RO         1741    i.anti_constrain    pid.o
    0x08004d70   0x08004d70   0x000000b0   Code   RO         1367    i.arm_task          arm_task.o
    0x08004e20   0x08004e20   0x00000046   Code   RO          702    i.canx_bsp_send_data  can_receive.o
    0x08004e66   0x08004e66   0x0000001c   Code   RO          703    i.canx_send_data    can_receive.o
    0x08004e82   0x08004e82   0x00000012   Code   RO         1186    i.chassis_task      chassis_task.o
    0x08004e94   0x08004e94   0x00000028   Code   RO         1374    i.dm4310_Init       arm_task.o
    0x08004ebc   0x08004ebc   0x00000092   Code   RO          711    i.dm4310_fbdata     can_receive.o
    0x08004f4e   0x08004f4e   0x00000042   Code   RO          713    i.enable_motor_mode  can_receive.o
    0x08004f90   0x08004f90   0x00000052   Code   RO         6105    i.getCurrentMicros  system.o
    0x08004fe2   0x08004fe2   0x00000040   Code   RO           16    i.main              main.o
    0x08005022   0x08005022   0x0000000e   Code   RO         5451    i.makeFreeRtosPriority  cmsis_os.o
    0x08005030   0x08005030   0x00000008   Code   RO         6106    i.micros            system.o
    0x08005038   0x08005038   0x00000018   Code   RO         5453    i.osDelay           cmsis_os.o
    0x08005050   0x08005050   0x0000000a   Code   RO         5456    i.osKernelStart     cmsis_os.o
    0x0800505a   0x0800505a   0x0000005e   Code   RO         5490    i.osThreadCreate    cmsis_os.o
    0x080050b8   0x080050b8   0x00000098   Code   RO         5122    i.prvAddCurrentTaskToDelayedList  tasks.o
    0x08005150   0x08005150   0x000000b4   Code   RO         5123    i.prvAddNewTaskToReadyList  tasks.o
    0x08005204   0x08005204   0x00000048   Code   RO         5124    i.prvCheckTasksWaitingTermination  tasks.o
    0x0800524c   0x0800524c   0x00000050   Code   RO         5125    i.prvDeleteTCB      tasks.o
    0x0800529c   0x0800529c   0x0000007c   Code   RO         5818    i.prvHeapInit       heap_4.o
    0x08005318   0x08005318   0x00000028   Code   RO         5126    i.prvIdleTask       tasks.o
    0x08005340   0x08005340   0x000000b4   Code   RO         5127    i.prvInitialiseNewTask  tasks.o
    0x080053f4   0x080053f4   0x00000068   Code   RO         5128    i.prvInitialiseTaskLists  tasks.o
    0x0800545c   0x0800545c   0x00000068   Code   RO         5819    i.prvInsertBlockIntoFreeList  heap_4.o
    0x080054c4   0x080054c4   0x00000034   Code   RO         5129    i.prvResetNextTaskUnblockTime  tasks.o
    0x080054f8   0x080054f8   0x00000040   Code   RO         5887    i.prvTaskExitError  port.o
    0x08005538   0x08005538   0x0000014c   Code   RO         5820    i.pvPortMalloc      heap_4.o
    0x08005684   0x08005684   0x0000002c   Code   RO         5888    i.pxPortInitialiseStack  port.o
    0x080056b0   0x080056b0   0x00000156   Code   RO          889    i.sbus_to_rc        remote_control.o
    0x08005806   0x08005806   0x0000000e   Code   RO         1093    i.system_task       system_task.o
    0x08005814   0x08005814   0x00000078   Code   RO         1312    i.tramcar_task      tramcar_task.o
    0x0800588c   0x0800588c   0x00000034   Code   RO          720    i.uint_to_float     can_receive.o
    0x080058c0   0x080058c0   0x00000028   Code   RO         4748    i.uxListRemove      list.o
    0x080058e8   0x080058e8   0x00000018   Code   RO          299    i.vApplicationGetIdleTaskMemory  freertos.o
    0x08005900   0x08005900   0x0000001a   Code   RO         4749    i.vListInitialise   list.o
    0x0800591a   0x0800591a   0x00000006   Code   RO         4750    i.vListInitialiseItem  list.o
    0x08005920   0x08005920   0x00000034   Code   RO         4751    i.vListInsert       list.o
    0x08005954   0x08005954   0x00000018   Code   RO         4752    i.vListInsertEnd    list.o
    0x0800596c   0x0800596c   0x00000054   Code   RO         5890    i.vPortEnterCritical  port.o
    0x080059c0   0x080059c0   0x0000003c   Code   RO         5891    i.vPortExitCritical  port.o
    0x080059fc   0x080059fc   0x000000a4   Code   RO         5821    i.vPortFree         heap_4.o
    0x08005aa0   0x08005aa0   0x00000028   Code   RO         5892    i.vPortSetupTimerInterrupt  port.o
    0x08005ac8   0x08005ac8   0x0000005c   Code   RO         5138    i.vTaskDelay        tasks.o
    0x08005b24   0x08005b24   0x000000b0   Code   RO         5151    i.vTaskStartScheduler  tasks.o
    0x08005bd4   0x08005bd4   0x00000010   Code   RO         5153    i.vTaskSuspendAll   tasks.o
    0x08005be4   0x08005be4   0x0000008c   Code   RO         5154    i.vTaskSwitchContext  tasks.o
    0x08005c70   0x08005c70   0x00000168   Code   RO         5894    i.xPortStartScheduler  port.o
    0x08005dd8   0x08005dd8   0x00000064   Code   RO         5157    i.xTaskCreate       tasks.o
    0x08005e3c   0x08005e3c   0x000000ba   Code   RO         5158    i.xTaskCreateStatic  tasks.o
    0x08005ef6   0x08005ef6   0x00000002   PAD
    0x08005ef8   0x08005ef8   0x00000148   Code   RO         5165    i.xTaskIncrementTick  tasks.o
    0x08006040   0x08006040   0x00000104   Code   RO         5171    i.xTaskResumeAll    tasks.o
    0x08006144   0x08006144   0x0000000a   Code   RO         6404    x$fpl$fpinit        fz_wm.l(fpinit.o)
    0x0800614e   0x0800614e   0x00000002   PAD
    0x08006150   0x08006150   0x000000a8   Data   RO          301    .constdata          freertos.o
    0x080061f8   0x080061f8   0x00000602   Data   RO         1648    .constdata          crc.o
    0x080067fa   0x080067fa   0x00000008   Data   RO         2584    .constdata          stm32f4xx_hal_dma.o
    0x08006802   0x08006802   0x00000018   Data   RO         4612    .constdata          system_stm32f4xx.o
    0x0800681a   0x0800681a   0x00000002   PAD
    0x0800681c   0x0800681c   0x00000050   Data   RO          302    .conststring        freertos.o
    0x0800686c   0x0800686c   0x00000020   Data   RO         6462    Region$$Table       anon$$obj.o


    Execution Region RW_IRAM1 (Exec base: 0x20000000, Load base: 0x0800688c, Size: 0x00005d80, Max: 0x0001c000, ABSOLUTE, COMPRESSED[0x00000064])

    Exec Addr    Load Addr    Size         Type   Attr      Idx    E Section Name        Object

    0x20000000   COMPRESSED   0x00000018   Data   RW          303    .data               freertos.o
    0x20000018   COMPRESSED   0x00000004   Data   RW          357    .data               can.o
    0x2000001c   COMPRESSED   0x00000020   Data   RW          722    .data               can_receive.o
    0x2000003c   COMPRESSED   0x00000003   Data   RW          891    .data               remote_control.o
    0x2000003f   COMPRESSED   0x00000001   PAD
    0x20000040   COMPRESSED   0x00000004   Data   RW         1045    .data               drv_usart.o
    0x20000044   COMPRESSED   0x00000004   PAD
    0x20000048   COMPRESSED   0x00000020   Data   RW         1094    .data               system_task.o
    0x20000068   COMPRESSED   0x000003b8   Data   RW         1187    .data               chassis_task.o
    0x20000420   COMPRESSED   0x00000440   Data   RW         1314    .data               tramcar_task.o
    0x20000860   COMPRESSED   0x00000518   Data   RW         1377    .data               arm_task.o
    0x20000d78   COMPRESSED   0x00000002   Data   RW         1649    .data               crc.o
    0x20000d7a   COMPRESSED   0x000000d8   Data   RW         1743    .data               pid.o
    0x20000e52   COMPRESSED   0x00000002   PAD
    0x20000e54   COMPRESSED   0x00000009   Data   RW         3022    .data               stm32f4xx_hal.o
    0x20000e5d   COMPRESSED   0x00000003   PAD
    0x20000e60   COMPRESSED   0x00000004   Data   RW         4613    .data               system_stm32f4xx.o
    0x20000e64   COMPRESSED   0x0000003c   Data   RW         5174    .data               tasks.o
    0x20000ea0   COMPRESSED   0x00000020   Data   RW         5827    .data               heap_4.o
    0x20000ec0   COMPRESSED   0x0000000c   Data   RW         5895    .data               port.o
    0x20000ecc        -       0x00000254   Zero   RW          300    .bss                freertos.o
    0x20001120        -       0x00000050   Zero   RW          356    .bss                can.o
    0x20001170        -       0x000003a8   Zero   RW          432    .bss                usart.o
    0x20001518        -       0x00000048   Zero   RW          660    .bss                stm32f4xx_hal_timebase_tim.o
    0x20001560        -       0x00000058   Zero   RW          721    .bss                can_receive.o
    0x200015b8        -       0x00000016   Zero   RW          890    .bss                remote_control.o
    0x200015ce        -       0x00000190   Zero   RW         1044    .bss                drv_usart.o
    0x2000175e   COMPRESSED   0x00000002   PAD
    0x20001760        -       0x000001f8   Zero   RW         1376    .bss                arm_task.o
    0x20001958        -       0x000000f0   Zero   RW         5173    .bss                tasks.o
    0x20001a48        -       0x00003c00   Zero   RW         5826    .bss                heap_4.o
    0x20005648        -       0x000000d6   Zero   RW         5967    .bss                referee.o
    0x2000571e   COMPRESSED   0x00000002   PAD
    0x20005720        -       0x00000060   Zero   RW         6320    .bss                c_w.l(libspace.o)
    0x20005780        -       0x00000200   Zero   RW            2    HEAP                startup_stm32f405xx.o
    0x20005980        -       0x00000400   Zero   RW            1    STACK               startup_stm32f405xx.o


    Execution Region RW_IRAM2 (Exec base: 0x2001c000, Load base: 0x080068f0, Size: 0x00000000, Max: 0x00004000, ABSOLUTE)

    **** No section assigned to this execution region ****


==============================================================================

Image component sizes


      Code (inc. data)   RO Data    RW Data    ZI Data      Debug   Object Name

       344         92          0       1304        504       4136   arm_task.o
       500         44          0          4         80       2462   can.o
       796         74          0         32         88       8549   can_receive.o
      1148        114          0        952          0      11010   chassis_task.o
       142          0          0          0          0      23063   cmsis_os.o
       198         16       1538          2          0       3877   crc.o
       168          6          0          0          0        850   dma.o
        16          0          0          0          0        486   driver.o
       156         22          0          0          0       1960   drv_can.o
       884         80          0          4        400       3540   drv_usart.o
         0          0          0          0          0      16944   event_groups.o
       224         40        248         24        596       3454   freertos.o
       180         10          0          0          0        971   gpio.o
       724         74          0         32      15360       7447   heap_4.o
       148          0          0          0          0       3594   list.o
       274         14          0          0          0     689542   main.o
       670         24          0        216          0       5593   pid.o
       894         78          0         12          0      11176   port.o
       948          8          0          0        214       8130   referee.o
       658         28          0          3         22       7525   remote_control.o
        64         26        392          0       1536        848   startup_stm32f405xx.o
       136         24          0          9          0       8738   stm32f4xx_hal.o
      2148          6          0          0          0      14431   stm32f4xx_hal_can.o
       260         22          0          0          0      33590   stm32f4xx_hal_cortex.o
      1436         16          8          0          0       7046   stm32f4xx_hal_dma.o
       512         46          0          0          0       2120   stm32f4xx_hal_gpio.o
        84          6          0          0          0        866   stm32f4xx_hal_msp.o
      1888         94          0          0          0       6289   stm32f4xx_hal_rcc.o
       876         76          0          0          0       6646   stm32f4xx_hal_tim.o
         4          0          0          0          0       1605   stm32f4xx_hal_tim_ex.o
       180         20          0          0         72       1476   stm32f4xx_hal_timebase_tim.o
      2652         28          0          0          0      15525   stm32f4xx_hal_uart.o
       262         76          0          0          0       9936   stm32f4xx_it.o
         0          0          0          0          0        416   stream_buffer.o
       102          0          0          0          0       1801   system.o
        20          6         24          4          0       1139   system_stm32f4xx.o
       150         14          0         32          0       3202   system_task.o
      2158        270          0         60        240      20489   tasks.o
       120         32          0       1088          0       2229   tramcar_task.o
      1388        120          0          0        936       5000   usart.o

    ----------------------------------------------------------------------
     23542       1606       2244       3788      20052     957701   Object Totals
         0          0         32          0          0          0   (incl. Generated)
        30          0          2         10          4          0   (incl. Padding)

    ----------------------------------------------------------------------

      Code (inc. data)   RO Data    RW Data    ZI Data      Debug   Library Member Name

        90          0          0          0          0          0   __dczerorl2.o
         8          0          0          0          0         68   __main.o
         0          0          0          0          0          0   __rtentry.o
        12          0          0          0          0          0   __rtentry2.o
         6          0          0          0          0          0   __rtentry4.o
        52          8          0          0          0          0   __scatter.o
        28          0          0          0          0          0   __scatter_zi.o
        18          0          0          0          0         80   exit.o
         6          0          0          0          0        152   heapauxi.o
         0          0          0          0          0          0   indicate_semi.o
         2          0          0          0          0          0   libinit.o
         6          0          0          0          0          0   libinit2.o
         2          0          0          0          0          0   libshutdown.o
         2          0          0          0          0          0   libshutdown2.o
         8          4          0          0         96         68   libspace.o
       238          0          0          0          0        100   lludivv7m.o
        68          0          0          0          0         68   rt_memclr.o
        78          0          0          0          0         80   rt_memclr_w.o
       138          0          0          0          0         68   rt_memcpy_v6.o
       100          0          0          0          0         80   rt_memcpy_w.o
         2          0          0          0          0          0   rtexit.o
        10          0          0          0          0          0   rtexit2.o
        12          4          0          0          0         68   sys_exit.o
        74          0          0          0          0         80   sys_stackheap_outer.o
         2          0          0          0          0         68   use_no_semi.o
        10          0          0          0          0        116   fpinit.o

    ----------------------------------------------------------------------
       978         16          0          0         96       1096   Library Totals
         6          0          0          0          0          0   (incl. Padding)

    ----------------------------------------------------------------------

      Code (inc. data)   RO Data    RW Data    ZI Data      Debug   Library Name

       962         16          0          0         96        980   c_w.l
        10          0          0          0          0        116   fz_wm.l

    ----------------------------------------------------------------------
       978         16          0          0         96       1096   Library Totals

    ----------------------------------------------------------------------

==============================================================================


      Code (inc. data)   RO Data    RW Data    ZI Data      Debug   

     24520       1622       2244       3788      20148     938081   Grand Totals
     24520       1622       2244        100      20148     938081   ELF Image Totals (compressed)
     24520       1622       2244        100          0          0   ROM Totals

==============================================================================

    Total RO  Size (Code + RO Data)                26764 (  26.14kB)
    Total RW  Size (RW Data + ZI Data)             23936 (  23.38kB)
    Total ROM Size (Code + RO Data + RW Data)      26864 (  26.23kB)

==============================================================================

